******************************************************************************
        TMS320C2000 COFF Linker PC v5.0.2                      
******************************************************************************
>> Linked Wed Jul 03 21:18:53 2013

OUTPUT FILE NAME:   <D:/Myprojects/Xeuns 5.30 CAN-QEP-POS-SPEED/Debug/QEP_POS_SPEED.out>
ENTRY POINT SYMBOL: "_c_int00"  address: 00338000


MEMORY CONFIGURATION

         name            origin    length      used     unused   attr    fill
----------------------  --------  ---------  --------  --------  ----  --------
PAGE 0:
  ZONE0                 00004000   00001000  00000000  00001000  RWIX
  RAML0                 00008000   00001000  0000001f  00000fe1  RWIX
  RAML1                 00009000   00001000  00000000  00001000  RWIX
  RAML2                 0000a000   00001000  00000000  00001000  RWIX
  RAML3                 0000b000   00001000  00000000  00001000  RWIX
  ZONE6                 00100000   00100000  00000000  00100000  RWIX
  ZONE7A                00200000   0000fc00  00000000  0000fc00  RWIX
  FLASHH                00300000   00008000  00000000  00008000  RWIX
  FLASHG                00308000   00008000  00000000  00008000  RWIX
  FLASHF                00310000   00008000  00000000  00008000  RWIX
  FLASHE                00318000   00008000  00000000  00008000  RWIX
  FLASHD                00320000   00008000  0000001f  00007fe1  RWIX
  FLASHC                00328000   00008000  00000047  00007fb9  RWIX
  FLASHA                00338000   00007f80  000010ff  00006e81  RWIX
  CSM_RSVD              0033ff80   00000076  00000000  00000076  RWIX
  BEGIN                 0033fff6   00000002  00000002  00000000  RWIX
  CSM_PWL               0033fff8   00000008  00000000  00000008  RWIX
  ADC_CAL               00380080   00000009  00000007  00000002  RWIX
  OTP                   00380400   00000400  00000000  00000400  RWIX
  IQTABLES              003fe000   00000b50  00000b50  00000000  RWIX
  IQTABLES2             003feb50   0000008c  00000000  0000008c  RWIX
  FPUTABLES             003febdc   000006a0  00000000  000006a0  RWIX
  ROM                   003ff27c   00000d44  00000000  00000d44  RWIX
  RESET                 003fffc0   00000002  00000000  00000002  RWIX
  VECTORS               003fffc2   0000003e  00000000  0000003e  RWIX

PAGE 1:
  BOOT_RSVD             00000000   00000050  00000000  00000050  RWIX
  RAMM0                 00000050   000003b0  00000000  000003b0  RWIX
  RAMM1                 00000400   00000400  000003e8  00000018  RWIX
  DEV_EMU               00000880   00000180  000000d0  000000b0  RWIX
  FLASH_REGS            00000a80   00000060  00000008  00000058  RWIX
  CSM                   00000ae0   00000010  00000010  00000000  RWIX
  ADC_MIRROR            00000b00   00000010  00000010  00000000  RWIX
  XINTF                 00000b20   00000020  0000001e  00000002  RWIX
  CPU_TIMER0            00000c00   00000008  00000008  00000000  RWIX
  CPU_TIMER1            00000c08   00000008  00000008  00000000  RWIX
  CPU_TIMER2            00000c10   00000008  00000008  00000000  RWIX
  PIE_CTRL              00000ce0   00000020  0000001a  00000006  RWIX
  PIE_VECT              00000d00   00000100  00000100  00000000  RWIX
  DMA                   00001000   00000200  000000e0  00000120  RWIX
  MCBSPA                00005000   00000040  00000025  0000001b  RWIX
  MCBSPB                00005040   00000040  00000025  0000001b  RWIX
  ECANA                 00006000   00000040  00000034  0000000c  RWIX
  ECANA_LAM             00006040   00000040  00000040  00000000  RWIX
  ECANA_MOTS            00006080   00000040  00000040  00000000  RWIX
  ECANA_MOTO            000060c0   00000040  00000040  00000000  RWIX
  ECANA_MBOX            00006100   00000100  00000100  00000000  RWIX
  ECANB                 00006200   00000040  00000034  0000000c  RWIX
  ECANB_LAM             00006240   00000040  00000040  00000000  RWIX
  ECANB_MOTS            00006280   00000040  00000040  00000000  RWIX
  ECANB_MOTO            000062c0   00000040  00000040  00000000  RWIX
  ECANB_MBOX            00006300   00000100  00000100  00000000  RWIX
  EPWM1                 00006800   00000022  00000022  00000000  RWIX
  EPWM2                 00006840   00000022  00000022  00000000  RWIX
  EPWM3                 00006880   00000022  00000022  00000000  RWIX
  EPWM4                 000068c0   00000022  00000022  00000000  RWIX
  EPWM5                 00006900   00000022  00000022  00000000  RWIX
  EPWM6                 00006940   00000022  00000022  00000000  RWIX
  ECAP1                 00006a00   00000020  00000020  00000000  RWIX
  ECAP2                 00006a20   00000020  00000020  00000000  RWIX
  ECAP3                 00006a40   00000020  00000020  00000000  RWIX
  ECAP4                 00006a60   00000020  00000020  00000000  RWIX
  ECAP5                 00006a80   00000020  00000020  00000000  RWIX
  ECAP6                 00006aa0   00000020  00000020  00000000  RWIX
  EQEP1                 00006b00   00000040  00000040  00000000  RWIX
  EQEP2                 00006b40   00000040  00000040  00000000  RWIX
  GPIOCTRL              00006f80   00000040  0000002e  00000012  RWIX
  GPIODAT               00006fc0   00000020  00000020  00000000  RWIX
  GPIOINT               00006fe0   00000020  0000000a  00000016  RWIX
  SYSTEM                00007010   00000020  00000020  00000000  RWIX
  SPIA                  00007040   00000010  00000010  00000000  RWIX
  SCIA                  00007050   00000010  00000010  00000000  RWIX
  XINTRUPT              00007070   00000010  00000010  00000000  RWIX
  ADC                   00007100   00000020  0000001e  00000002  RWIX
  SCIB                  00007750   00000010  00000010  00000000  RWIX
  SCIC                  00007770   00000010  00000010  00000000  RWIX
  I2CA                  00007900   00000040  00000022  0000001e  RWIX
  RAML4                 0000c000   00001000  00000118  00000ee8  RWIX
  RAML5                 0000d000   00001000  00000000  00001000  RWIX
  RAML6                 0000e000   00001000  00000000  00001000  RWIX
  RAML7                 0000f000   00001000  00000000  00001000  RWIX
  ZONE7B                0020fc00   00000400  00000000  00000400  RWIX
  FLASHB                00330000   00008000  00000000  00008000  RWIX
  CSM_PWL               0033fff8   00000008  00000008  00000000  RWIX
  PARTID                00380090   00000001  00000001  00000000  RWIX


SECTION ALLOCATION MAP

 output                                  attributes/
section   page    origin      length       input sections
--------  ----  ----------  ----------   ----------------
.data      0    00000000    00000000     UNINITIALIZED

ramfuncs   0    00320000    0000001f     RUN ADDR = 00008000
                  00320000    0000001b     DSP2833x_SysCtrl.obj (ramfuncs)
                  0032001b    00000004     DSP2833x_usDelay.obj (ramfuncs)

IQmath     0    00328000    00000047     
                  00328000    00000047     IQmath_fpu32.lib : IQ24div.obj (IQmath)

.pinit     0    00338000    00000000     UNINITIALIZED

.switch    0    00338000    00000000     UNINITIALIZED

.text      0    00338000    00000f2d     
                  00338000    00000046     rts2800_fpu32.lib : boot.obj (.text)
                  00338046    00000018                       : exit.obj (.text)
                  0033805e    00000009                       : _lock.obj (.text)
                  00338067    00000015                       : args_main.obj (.text)
                  0033807c    00000008     DSP2833x_CodeStartBranch.obj (.text)
                  00338084    0000007a     DSP2833x_CpuTimers.obj (.text)
                  003380fe    00000316     DSP2833x_DefaultIsr.obj (.text)
                  00338414    0000012a     DSP2833x_ECan.obj (.text)
                  0033853e    000000e7     DSP2833x_EPwm.obj (.text)
                  00338625    0000007b     DSP2833x_EQep.obj (.text)
                  003386a0    00000028     DSP2833x_PieCtrl.obj (.text)
                  003386c8    00000020     DSP2833x_PieVect.obj (.text)
                  003386e8    0000002c     DSP2833x_Spi.obj (.text)
                  00338714    000000f5     DSP2833x_SysCtrl.obj (.text)
                  00338809    00000106     DSP2833x_Xintf.obj (.text)
                  0033890f    00000361     Example_2833xEqep_pos_speed.obj (.text)
                  00338c70    00000023     Example_EPwmSetup.obj (.text)
                  00338c93    00000212     Example_posspeed.obj (.text)
                  00338ea5    00000088     rts2800_fpu32.lib : fs_div.obj (.text)

.econst    0    00338f2e    00000100     
                  00338f2e    00000100     DSP2833x_PieVect.obj (.econst)

.cinit     0    0033902e    000000d2     
                  0033902e    0000000a     rts2800_fpu32.lib : exit.obj (.cinit)
                  00339038    0000000a                       : _lock.obj (.cinit)
                  00339042    000000bd     Example_2833xEqep_pos_speed.obj (.cinit)
                  003390ff    00000001     --HOLE-- [fill = 0]

csm_rsvd   0    0033ff80    00000000     UNINITIALIZED

codestart 
*          0    0033fff6    00000002     
                  0033fff6    00000002     DSP2833x_CodeStartBranch.obj (codestart)

csmpasswds 
*          0    0033fff8    00000000     UNINITIALIZED

.adc_cal   0    00380080    00000007     NOLOAD SECTION
                  00380080    00000007     DSP2833x_ADC_cal.obj (.adc_cal)

IQmathTables 
*          0    003fe000    00000b50     NOLOAD SECTION
                  003fe000    00000b50     IQmath_fpu32.lib : IQmathTables.obj (IQmathTables)

FPUmathTables 
*          0    003febdc    00000000     NOLOAD SECTION

.reset     0    003fffc0    00000002     DSECT
                  003fffc0    00000002     rts2800_fpu32.lib : boot.obj (.reset)

vectors    0    003fffc2    00000000     DSECT

.bss       1    00000000    00000000     UNINITIALIZED

.esysmem   1    00000400    00000000     UNINITIALIZED

.stack     1    00000400    000003e8     UNINITIALIZED

DevEmuRegsFile 
*          1    00000880    000000d0     UNINITIALIZED
                  00000880    000000d0     DSP2833x_GlobalVariableDefs.obj (DevEmuRegsFile)

FlashRegsFile 
*          1    00000a80    00000008     UNINITIALIZED
                  00000a80    00000008     DSP2833x_GlobalVariableDefs.obj (FlashRegsFile)

CsmRegsFile 
*          1    00000ae0    00000010     UNINITIALIZED
                  00000ae0    00000010     DSP2833x_GlobalVariableDefs.obj (CsmRegsFile)

AdcMirrorFile 
*          1    00000b00    00000010     UNINITIALIZED
                  00000b00    00000010     DSP2833x_GlobalVariableDefs.obj (AdcMirrorFile)

XintfRegsFile 
*          1    00000b20    0000001e     UNINITIALIZED
                  00000b20    0000001e     DSP2833x_GlobalVariableDefs.obj (XintfRegsFile)

CpuTimer0RegsFile 
*          1    00000c00    00000008     UNINITIALIZED
                  00000c00    00000008     DSP2833x_GlobalVariableDefs.obj (CpuTimer0RegsFile)

CpuTimer1RegsFile 
*          1    00000c08    00000008     UNINITIALIZED
                  00000c08    00000008     DSP2833x_GlobalVariableDefs.obj (CpuTimer1RegsFile)

CpuTimer2RegsFile 
*          1    00000c10    00000008     UNINITIALIZED
                  00000c10    00000008     DSP2833x_GlobalVariableDefs.obj (CpuTimer2RegsFile)

PieCtrlRegsFile 
*          1    00000ce0    0000001a     UNINITIALIZED
                  00000ce0    0000001a     DSP2833x_GlobalVariableDefs.obj (PieCtrlRegsFile)

PieVectTableFile 
*          1    00000d00    00000100     UNINITIALIZED
                  00000d00    00000100     DSP2833x_GlobalVariableDefs.obj (PieVectTableFile)

DmaRegsFile 
*          1    00001000    000000e0     UNINITIALIZED
                  00001000    000000e0     DSP2833x_GlobalVariableDefs.obj (DmaRegsFile)

McbspaRegsFile 
*          1    00005000    00000025     UNINITIALIZED
                  00005000    00000025     DSP2833x_GlobalVariableDefs.obj (McbspaRegsFile)

McbspbRegsFile 
*          1    00005040    00000025     UNINITIALIZED
                  00005040    00000025     DSP2833x_GlobalVariableDefs.obj (McbspbRegsFile)

ECanaRegsFile 
*          1    00006000    00000034     UNINITIALIZED
                  00006000    00000034     DSP2833x_GlobalVariableDefs.obj (ECanaRegsFile)

ECanaLAMRegsFile 
*          1    00006040    00000040     UNINITIALIZED
                  00006040    00000040     DSP2833x_GlobalVariableDefs.obj (ECanaLAMRegsFile)

ECanaMOTSRegsFile 
*          1    00006080    00000040     UNINITIALIZED
                  00006080    00000040     DSP2833x_GlobalVariableDefs.obj (ECanaMOTSRegsFile)

ECanaMOTORegsFile 
*          1    000060c0    00000040     UNINITIALIZED
                  000060c0    00000040     DSP2833x_GlobalVariableDefs.obj (ECanaMOTORegsFile)

ECanaMboxesFile 
*          1    00006100    00000100     UNINITIALIZED
                  00006100    00000100     DSP2833x_GlobalVariableDefs.obj (ECanaMboxesFile)

ECanbRegsFile 
*          1    00006200    00000034     UNINITIALIZED
                  00006200    00000034     DSP2833x_GlobalVariableDefs.obj (ECanbRegsFile)

ECanbLAMRegsFile 
*          1    00006240    00000040     UNINITIALIZED
                  00006240    00000040     DSP2833x_GlobalVariableDefs.obj (ECanbLAMRegsFile)

ECanbMOTSRegsFile 
*          1    00006280    00000040     UNINITIALIZED
                  00006280    00000040     DSP2833x_GlobalVariableDefs.obj (ECanbMOTSRegsFile)

ECanbMOTORegsFile 
*          1    000062c0    00000040     UNINITIALIZED
                  000062c0    00000040     DSP2833x_GlobalVariableDefs.obj (ECanbMOTORegsFile)

ECanbMboxesFile 
*          1    00006300    00000100     UNINITIALIZED
                  00006300    00000100     DSP2833x_GlobalVariableDefs.obj (ECanbMboxesFile)

EPwm1RegsFile 
*          1    00006800    00000022     UNINITIALIZED
                  00006800    00000022     DSP2833x_GlobalVariableDefs.obj (EPwm1RegsFile)

EPwm2RegsFile 
*          1    00006840    00000022     UNINITIALIZED
                  00006840    00000022     DSP2833x_GlobalVariableDefs.obj (EPwm2RegsFile)

EPwm3RegsFile 
*          1    00006880    00000022     UNINITIALIZED
                  00006880    00000022     DSP2833x_GlobalVariableDefs.obj (EPwm3RegsFile)

EPwm4RegsFile 
*          1    000068c0    00000022     UNINITIALIZED
                  000068c0    00000022     DSP2833x_GlobalVariableDefs.obj (EPwm4RegsFile)

EPwm5RegsFile 
*          1    00006900    00000022     UNINITIALIZED
                  00006900    00000022     DSP2833x_GlobalVariableDefs.obj (EPwm5RegsFile)

EPwm6RegsFile 
*          1    00006940    00000022     UNINITIALIZED
                  00006940    00000022     DSP2833x_GlobalVariableDefs.obj (EPwm6RegsFile)

ECap1RegsFile 
*          1    00006a00    00000020     UNINITIALIZED
                  00006a00    00000020     DSP2833x_GlobalVariableDefs.obj (ECap1RegsFile)

ECap2RegsFile 
*          1    00006a20    00000020     UNINITIALIZED
                  00006a20    00000020     DSP2833x_GlobalVariableDefs.obj (ECap2RegsFile)

ECap3RegsFile 
*          1    00006a40    00000020     UNINITIALIZED
                  00006a40    00000020     DSP2833x_GlobalVariableDefs.obj (ECap3RegsFile)

ECap4RegsFile 
*          1    00006a60    00000020     UNINITIALIZED
                  00006a60    00000020     DSP2833x_GlobalVariableDefs.obj (ECap4RegsFile)

ECap5RegsFile 
*          1    00006a80    00000020     UNINITIALIZED
                  00006a80    00000020     DSP2833x_GlobalVariableDefs.obj (ECap5RegsFile)

ECap6RegsFile 
*          1    00006aa0    00000020     UNINITIALIZED
                  00006aa0    00000020     DSP2833x_GlobalVariableDefs.obj (ECap6RegsFile)

EQep1RegsFile 
*          1    00006b00    00000040     UNINITIALIZED
                  00006b00    00000040     DSP2833x_GlobalVariableDefs.obj (EQep1RegsFile)

EQep2RegsFile 
*          1    00006b40    00000040     UNINITIALIZED
                  00006b40    00000040     DSP2833x_GlobalVariableDefs.obj (EQep2RegsFile)

GpioCtrlRegsFile 
*          1    00006f80    0000002e     UNINITIALIZED
                  00006f80    0000002e     DSP2833x_GlobalVariableDefs.obj (GpioCtrlRegsFile)

GpioDataRegsFile 
*          1    00006fc0    00000020     UNINITIALIZED
                  00006fc0    00000020     DSP2833x_GlobalVariableDefs.obj (GpioDataRegsFile)

GpioIntRegsFile 
*          1    00006fe0    0000000a     UNINITIALIZED
                  00006fe0    0000000a     DSP2833x_GlobalVariableDefs.obj (GpioIntRegsFile)

SysCtrlRegsFile 
*          1    00007010    00000020     UNINITIALIZED
                  00007010    00000020     DSP2833x_GlobalVariableDefs.obj (SysCtrlRegsFile)

SpiaRegsFile 
*          1    00007040    00000010     UNINITIALIZED
                  00007040    00000010     DSP2833x_GlobalVariableDefs.obj (SpiaRegsFile)

SciaRegsFile 
*          1    00007050    00000010     UNINITIALIZED
                  00007050    00000010     DSP2833x_GlobalVariableDefs.obj (SciaRegsFile)

XIntruptRegsFile 
*          1    00007070    00000010     UNINITIALIZED
                  00007070    00000010     DSP2833x_GlobalVariableDefs.obj (XIntruptRegsFile)

AdcRegsFile 
*          1    00007100    0000001e     UNINITIALIZED
                  00007100    0000001e     DSP2833x_GlobalVariableDefs.obj (AdcRegsFile)

ScibRegsFile 
*          1    00007750    00000010     UNINITIALIZED
                  00007750    00000010     DSP2833x_GlobalVariableDefs.obj (ScibRegsFile)

ScicRegsFile 
*          1    00007770    00000010     UNINITIALIZED
                  00007770    00000010     DSP2833x_GlobalVariableDefs.obj (ScicRegsFile)

I2caRegsFile 
*          1    00007900    00000022     UNINITIALIZED
                  00007900    00000022     DSP2833x_GlobalVariableDefs.obj (I2caRegsFile)

DMARAML4   1    0000c000    00000000     UNINITIALIZED

.ebss      1    0000c000    00000118     UNINITIALIZED
                  0000c000    000000f4     Example_2833xEqep_pos_speed.obj (.ebss)
                  0000c0f4    00000004     rts2800_fpu32.lib : exit.obj (.ebss)
                  0000c0f8    00000004                       : _lock.obj (.ebss)
                  0000c100    00000018     DSP2833x_CpuTimers.obj (.ebss)

DMARAML5   1    0000d000    00000000     UNINITIALIZED

DMARAML6   1    0000e000    00000000     UNINITIALIZED

DMARAML7   1    0000f000    00000000     UNINITIALIZED

ZONE7DATA 
*          1    0020fc00    00000000     UNINITIALIZED

CsmPwlFile 
*          1    0033fff8    00000008     UNINITIALIZED
                  0033fff8    00000008     DSP2833x_GlobalVariableDefs.obj (CsmPwlFile)

PartIdRegsFile 
*          1    00380090    00000001     UNINITIALIZED
                  00380090    00000001     DSP2833x_GlobalVariableDefs.obj (PartIdRegsFile)


GLOBAL SYMBOLS: SORTED ALPHABETICALLY BY Name 

address    name
--------   ----
00000000   .bss
00000000   .data
00338000   .text
00338046   C$$EXIT
00338ea5   FS$$DIV
003381e4   _ADCINT_ISR
00380080   _ADC_cal
00000b00   _AdcMirror
00007100   _AdcRegs
0000c02c   _CAN_RxBuffer
003380c3   _ConfigCpuTimer
0000c110   _CpuTimer0
00000c00   _CpuTimer0Regs
0000c100   _CpuTimer1
00000c08   _CpuTimer1Regs
0000c108   _CpuTimer2
00000c10   _CpuTimer2Regs
0033fff8   _CsmPwl
00000ae0   _CsmRegs
003387d8   _CsmUnlock
00338112   _DATALOG_ISR
00338306   _DINTCH1_ISR
00338310   _DINTCH2_ISR
0033831a   _DINTCH3_ISR
00338324   _DINTCH4_ISR
0033832e   _DINTCH5_ISR
00338338   _DINTCH6_ISR
0000801b   _DSP28x_usDelay
00000880   _DevEmuRegs
00338b20   _Dirver
00338b4b   _Dirver1
00338727   _DisableDog
00001000   _DmaRegs
00338392   _ECAN0INTA_ISR
003383a6   _ECAN0INTB_ISR
0033839c   _ECAN1INTA_ISR
003383b0   _ECAN1INTB_ISR
0033827a   _ECAP1_INT_ISR
00338284   _ECAP2_INT_ISR
0033828e   _ECAP3_INT_ISR
00338298   _ECAP4_INT_ISR
003382a2   _ECAP5_INT_ISR
003382ac   _ECAP6_INT_ISR
00006040   _ECanaLAMRegs
000060c0   _ECanaMOTORegs
00006080   _ECanaMOTSRegs
00006100   _ECanaMboxes
00006000   _ECanaRegs
0000c0c0   _ECanaShadow
00006240   _ECanbLAMRegs
000062c0   _ECanbMOTORegs
00006280   _ECanbMOTSRegs
00006300   _ECanbMboxes
00006200   _ECanbRegs
00006a00   _ECap1Regs
00006a20   _ECap2Regs
00006a40   _ECap3Regs
00006a60   _ECap4Regs
00006a80   _ECap5Regs
00006aa0   _ECap6Regs
00338126   _EMUINT_ISR
0033823e   _EPWM1_INT_ISR
00338202   _EPWM1_TZINT_ISR
00338248   _EPWM2_INT_ISR
0033820c   _EPWM2_TZINT_ISR
00338252   _EPWM3_INT_ISR
00338216   _EPWM3_TZINT_ISR
0033825c   _EPWM4_INT_ISR
00338220   _EPWM4_TZINT_ISR
00338266   _EPWM5_INT_ISR
0033822a   _EPWM5_TZINT_ISR
00338270   _EPWM6_INT_ISR
00338234   _EPWM6_TZINT_ISR
00006800   _EPwm1Regs
00006840   _EPwm2Regs
00006880   _EPwm3Regs
000068c0   _EPwm4Regs
00006900   _EPwm5Regs
00006940   _EPwm6Regs
003382b6   _EQEP1_INT_ISR
003382c0   _EQEP2_INT_ISR
00006b00   _EQep1Regs
00006b40   _EQep2Regs
003386bf   _EnableInterrupts
0000c002   _ExRamStart
0000c040   _F
00000a80   _FlashRegs
00006f80   _GpioCtrlRegs
00006fc0   _GpioDataRegs
00006fe0   _GpioIntRegs
00338342   _I2CINT1A_ISR
0033834c   _I2CINT2A_ISR
00007900   _I2caRegs
0033813a   _ILLEGAL_ISR
003380fe   _INT13_ISR
00338108   _INT14_ISR
003fead8   _IQ10mpyRndSatTable
003feacc   _IQ11mpyRndSatTable
003feac0   _IQ12mpyRndSatTable
003feab4   _IQ13mpyRndSatTable
003feaa8   _IQ14mpyRndSatTable
003fea9c   _IQ15mpyRndSatTable
003fea90   _IQ16mpyRndSatTable
003fea84   _IQ17mpyRndSatTable
003fea78   _IQ18mpyRndSatTable
003fea6c   _IQ19mpyRndSatTable
003feb44   _IQ1mpyRndSatTable
003fea60   _IQ20mpyRndSatTable
003fea54   _IQ21mpyRndSatTable
003fea48   _IQ22mpyRndSatTable
003fea3c   _IQ23mpyRndSatTable
003fea30   _IQ24mpyRndSatTable
003fea24   _IQ25mpyRndSatTable
003fea18   _IQ26mpyRndSatTable
003fea0c   _IQ27mpyRndSatTable
003fea00   _IQ28mpyRndSatTable
003fe9f4   _IQ29mpyRndSatTable
003feb38   _IQ2mpyRndSatTable
003fe9e8   _IQ30mpyRndSatTable
003feb2c   _IQ3mpyRndSatTable
003feb20   _IQ4mpyRndSatTable
003feb14   _IQ5mpyRndSatTable
003feb08   _IQ6mpyRndSatTable
003feafc   _IQ7mpyRndSatTable
003feaf0   _IQ8mpyRndSatTable
003feae4   _IQ9mpyRndSatTable
003fe824   _IQatan2HalfPITable
003fe862   _IQatan2Table
003fe9e8   _IQatan2TableEnd
003fe100   _IQcosTable
003fe502   _IQcosTableEnd
003fe502   _IQdivRoundSatTable
003fe510   _IQdivTable
003fe712   _IQdivTableEnd
003fe712   _IQisqrtRoundSatTable
003fe722   _IQisqrtTable
003fe824   _IQisqrtTableEnd
003fe9e8   _IQmpyRndSatTable
003feb50   _IQmpyRndSatTableEnd
003fe000   _IQsinTable
003fe400   _IQsinTableEnd
003fe712   _IQsqrtRoundSatTable
003fe722   _IQsqrtTable
003fe824   _IQsqrtTableEnd
00338b77   _ISRTimer0
00338084   _InitCpuTimers
00338414   _InitECan
00338515   _InitECanGpio
00338419   _InitECana
0033851a   _InitECanaGpio
00338497   _InitECanb
0033852a   _InitECanbGpio
0033853e   _InitEPwm
0033856b   _InitEPwm1Gpio
0033857d   _InitEPwm2Gpio
0033858f   _InitEPwm3Gpio
003385a3   _InitEPwm4Gpio
003385b7   _InitEPwm5Gpio
003385c9   _InitEPwm6Gpio
0033855e   _InitEPwmGpio
003385db   _InitEPwmSyncGpio
00338625   _InitEQep
0033865b   _InitEQep1Gpio
0033867a   _InitEQep2Gpio
00338656   _InitEQepGpio
00008000   _InitFlash
0033877d   _InitPeripheralClocks
003386a0   _InitPieCtrl
003386c8   _InitPieVectTable
0033872f   _InitPll
003386e8   _InitSpi
003386e9   _InitSpiGpio
003386ec   _InitSpiaGpio
00338714   _InitSysCtrl
003385ef   _InitTzGpio
00338809   _InitXintf
003388a5   _InitXintf16Gpio
0033885e   _InitXintf32Gpio
0000c012   _Interrupt_Count
003383f6   _LUF_ISR
003383ec   _LVF_ISR
003382f2   _MRINTA_ISR
003382de   _MRINTB_ISR
003382fc   _MXINTA_ISR
003382e8   _MXINTB_ISR
00005000   _McbspaRegs
00005040   _McbspbRegs
00338130   _NMI_ISR
00338400   _PIE_RESERVED
00338dbe   _POSSPEED1_Calc
00338cb5   _POSSPEED1_Init
00338cd7   _POSSPEED_Calc
00338c93   _POSSPEED_Init
00380090   _PartIdRegs
00000ce0   _PieCtrlRegs
00000d00   _PieVectTable
00338f2e   _PieVectTableInit
0033811c   _RTOSINT_ISR
0033836a   _SCIRXINTA_ISR
0033837e   _SCIRXINTB_ISR
00338356   _SCIRXINTC_ISR
00338374   _SCITXINTA_ISR
00338388   _SCITXINTB_ISR
00338360   _SCITXINTC_ISR
003381bc   _SEQ1INT_ISR
003381c6   _SEQ2INT_ISR
003382ca   _SPIRXINTA_ISR
003382d4   _SPITXINTA_ISR
00007050   _SciaRegs
00007750   _ScibRegs
00007770   _ScicRegs
0033871d   _ServiceDog
00007040   _SpiaRegs
00007010   _SysCtrlRegs
003381ee   _TINT0_ISR
0033819e   _USER10_ISR
003381a8   _USER11_ISR
003381b2   _USER12_ISR
00338144   _USER1_ISR
0033814e   _USER2_ISR
00338158   _USER3_ISR
00338162   _USER4_ISR
0033816c   _USER5_ISR
00338176   _USER6_ISR
00338180   _USER7_ISR
0033818a   _USER8_ISR
00338194   _USER9_ISR
003381f8   _WAKEINT_ISR
003381d0   _XINT1_ISR
003381da   _XINT2_ISR
003383ba   _XINT3_ISR
003383c4   _XINT4_ISR
003383ce   _XINT5_ISR
003383d8   _XINT6_ISR
003383e2   _XINT7_ISR
00007070   _XIntruptRegs
00000b20   _XintfRegs
00328000   __IQ24div
000003e8   __STACK_SIZE
ffffffff   ___TI_pprof_out_hndl
ffffffff   ___TI_prof_var_size
ffffffff   ___TI_prof_var_start
ffffffff   ___binit__
00000000   ___bss__
ffffffff   ___c_args__
0033902e   ___cinit__
00000000   ___data__
00000000   ___edata__
00000000   ___end__
00338f2d   ___etext__
ffffffff   ___pinit__
00338000   ___text__
00338067   __args_main
0000c0f4   __cleanup_ptr
0000c0f6   __dtors_ptr
0000c0fa   __lock
00338066   __nop
00338062   __register_lock
0033805e   __register_unlock
00000400   __stack
0000c0f8   __unlock
0000c01e   _a
00338046   _abort
0000c01c   _b
00338000   _c_int00
0000c026   _canplusecount
0000c018   _canplusecount1
0000c020   _code_a
0000c024   _code_b
0000c014   _code_d
0000c022   _code_flag
0000c028   _codebuffer
00338bb9   _cpu_timer1_isr
00338bf9   _cpu_timer2_isr
0000c016   _dir
0000c01a   _dir1
0000c004   _distance
00338048   _exit
0000c00e   _flag
0000c00a   _flag1
0000c000   _i
00338c70   _initEpwm
0033890f   _main
0000c008   _plusecount
0000c006   _plusecount1
00338c11   _prdTick
0000c080   _qep_posspeed
0000c054   _qep_posspeed1
0000c00c   _qposcntx
0000c010   _qposcnty
0033840a   _rsvd_ISR
ffffffff   binit
0033902e   cinit
0033fff6   code_start
00000000   edata
00000000   end
00338f2d   etext
ffffffff   pinit


GLOBAL SYMBOLS: SORTED BY Symbol Address 

address    name
--------   ----
00000000   .bss
00000000   .data
00000000   ___bss__
00000000   ___data__
00000000   ___edata__
00000000   ___end__
00000000   edata
00000000   end
000003e8   __STACK_SIZE
00000400   __stack
00000880   _DevEmuRegs
00000a80   _FlashRegs
00000ae0   _CsmRegs
00000b00   _AdcMirror
00000b20   _XintfRegs
00000c00   _CpuTimer0Regs
00000c08   _CpuTimer1Regs
00000c10   _CpuTimer2Regs
00000ce0   _PieCtrlRegs
00000d00   _PieVectTable
00001000   _DmaRegs
00005000   _McbspaRegs
00005040   _McbspbRegs
00006000   _ECanaRegs
00006040   _ECanaLAMRegs
00006080   _ECanaMOTSRegs
000060c0   _ECanaMOTORegs
00006100   _ECanaMboxes
00006200   _ECanbRegs
00006240   _ECanbLAMRegs
00006280   _ECanbMOTSRegs
000062c0   _ECanbMOTORegs
00006300   _ECanbMboxes
00006800   _EPwm1Regs
00006840   _EPwm2Regs
00006880   _EPwm3Regs
000068c0   _EPwm4Regs
00006900   _EPwm5Regs
00006940   _EPwm6Regs
00006a00   _ECap1Regs
00006a20   _ECap2Regs
00006a40   _ECap3Regs
00006a60   _ECap4Regs
00006a80   _ECap5Regs
00006aa0   _ECap6Regs
00006b00   _EQep1Regs
00006b40   _EQep2Regs
00006f80   _GpioCtrlRegs
00006fc0   _GpioDataRegs
00006fe0   _GpioIntRegs
00007010   _SysCtrlRegs
00007040   _SpiaRegs
00007050   _SciaRegs
00007070   _XIntruptRegs
00007100   _AdcRegs
00007750   _ScibRegs
00007770   _ScicRegs
00007900   _I2caRegs
00008000   _InitFlash
0000801b   _DSP28x_usDelay
0000c000   _i
0000c002   _ExRamStart
0000c004   _distance
0000c006   _plusecount1
0000c008   _plusecount
0000c00a   _flag1
0000c00c   _qposcntx
0000c00e   _flag
0000c010   _qposcnty
0000c012   _Interrupt_Count
0000c014   _code_d
0000c016   _dir
0000c018   _canplusecount1
0000c01a   _dir1
0000c01c   _b
0000c01e   _a
0000c020   _code_a
0000c022   _code_flag
0000c024   _code_b
0000c026   _canplusecount
0000c028   _codebuffer
0000c02c   _CAN_RxBuffer
0000c040   _F
0000c054   _qep_posspeed1
0000c080   _qep_posspeed
0000c0c0   _ECanaShadow
0000c0f4   __cleanup_ptr
0000c0f6   __dtors_ptr
0000c0f8   __unlock
0000c0fa   __lock
0000c100   _CpuTimer1
0000c108   _CpuTimer2
0000c110   _CpuTimer0
00328000   __IQ24div
00338000   .text
00338000   ___text__
00338000   _c_int00
00338046   C$$EXIT
00338046   _abort
00338048   _exit
0033805e   __register_unlock
00338062   __register_lock
00338066   __nop
00338067   __args_main
00338084   _InitCpuTimers
003380c3   _ConfigCpuTimer
003380fe   _INT13_ISR
00338108   _INT14_ISR
00338112   _DATALOG_ISR
0033811c   _RTOSINT_ISR
00338126   _EMUINT_ISR
00338130   _NMI_ISR
0033813a   _ILLEGAL_ISR
00338144   _USER1_ISR
0033814e   _USER2_ISR
00338158   _USER3_ISR
00338162   _USER4_ISR
0033816c   _USER5_ISR
00338176   _USER6_ISR
00338180   _USER7_ISR
0033818a   _USER8_ISR
00338194   _USER9_ISR
0033819e   _USER10_ISR
003381a8   _USER11_ISR
003381b2   _USER12_ISR
003381bc   _SEQ1INT_ISR
003381c6   _SEQ2INT_ISR
003381d0   _XINT1_ISR
003381da   _XINT2_ISR
003381e4   _ADCINT_ISR
003381ee   _TINT0_ISR
003381f8   _WAKEINT_ISR
00338202   _EPWM1_TZINT_ISR
0033820c   _EPWM2_TZINT_ISR
00338216   _EPWM3_TZINT_ISR
00338220   _EPWM4_TZINT_ISR
0033822a   _EPWM5_TZINT_ISR
00338234   _EPWM6_TZINT_ISR
0033823e   _EPWM1_INT_ISR
00338248   _EPWM2_INT_ISR
00338252   _EPWM3_INT_ISR
0033825c   _EPWM4_INT_ISR
00338266   _EPWM5_INT_ISR
00338270   _EPWM6_INT_ISR
0033827a   _ECAP1_INT_ISR
00338284   _ECAP2_INT_ISR
0033828e   _ECAP3_INT_ISR
00338298   _ECAP4_INT_ISR
003382a2   _ECAP5_INT_ISR
003382ac   _ECAP6_INT_ISR
003382b6   _EQEP1_INT_ISR
003382c0   _EQEP2_INT_ISR
003382ca   _SPIRXINTA_ISR
003382d4   _SPITXINTA_ISR
003382de   _MRINTB_ISR
003382e8   _MXINTB_ISR
003382f2   _MRINTA_ISR
003382fc   _MXINTA_ISR
00338306   _DINTCH1_ISR
00338310   _DINTCH2_ISR
0033831a   _DINTCH3_ISR
00338324   _DINTCH4_ISR
0033832e   _DINTCH5_ISR
00338338   _DINTCH6_ISR
00338342   _I2CINT1A_ISR
0033834c   _I2CINT2A_ISR
00338356   _SCIRXINTC_ISR
00338360   _SCITXINTC_ISR
0033836a   _SCIRXINTA_ISR
00338374   _SCITXINTA_ISR
0033837e   _SCIRXINTB_ISR
00338388   _SCITXINTB_ISR
00338392   _ECAN0INTA_ISR
0033839c   _ECAN1INTA_ISR
003383a6   _ECAN0INTB_ISR
003383b0   _ECAN1INTB_ISR
003383ba   _XINT3_ISR
003383c4   _XINT4_ISR
003383ce   _XINT5_ISR
003383d8   _XINT6_ISR
003383e2   _XINT7_ISR
003383ec   _LVF_ISR
003383f6   _LUF_ISR
00338400   _PIE_RESERVED
0033840a   _rsvd_ISR
00338414   _InitECan
00338419   _InitECana
00338497   _InitECanb
00338515   _InitECanGpio
0033851a   _InitECanaGpio
0033852a   _InitECanbGpio
0033853e   _InitEPwm
0033855e   _InitEPwmGpio
0033856b   _InitEPwm1Gpio
0033857d   _InitEPwm2Gpio
0033858f   _InitEPwm3Gpio
003385a3   _InitEPwm4Gpio
003385b7   _InitEPwm5Gpio
003385c9   _InitEPwm6Gpio
003385db   _InitEPwmSyncGpio
003385ef   _InitTzGpio
00338625   _InitEQep
00338656   _InitEQepGpio
0033865b   _InitEQep1Gpio
0033867a   _InitEQep2Gpio
003386a0   _InitPieCtrl
003386bf   _EnableInterrupts
003386c8   _InitPieVectTable
003386e8   _InitSpi
003386e9   _InitSpiGpio
003386ec   _InitSpiaGpio
00338714   _InitSysCtrl
0033871d   _ServiceDog
00338727   _DisableDog
0033872f   _InitPll
0033877d   _InitPeripheralClocks
003387d8   _CsmUnlock
00338809   _InitXintf
0033885e   _InitXintf32Gpio
003388a5   _InitXintf16Gpio
0033890f   _main
00338b20   _Dirver
00338b4b   _Dirver1
00338b77   _ISRTimer0
00338bb9   _cpu_timer1_isr
00338bf9   _cpu_timer2_isr
00338c11   _prdTick
00338c70   _initEpwm
00338c93   _POSSPEED_Init
00338cb5   _POSSPEED1_Init
00338cd7   _POSSPEED_Calc
00338dbe   _POSSPEED1_Calc
00338ea5   FS$$DIV
00338f2d   ___etext__
00338f2d   etext
00338f2e   _PieVectTableInit
0033902e   ___cinit__
0033902e   cinit
0033fff6   code_start
0033fff8   _CsmPwl
00380080   _ADC_cal
00380090   _PartIdRegs
003fe000   _IQsinTable
003fe100   _IQcosTable
003fe400   _IQsinTableEnd
003fe502   _IQcosTableEnd
003fe502   _IQdivRoundSatTable
003fe510   _IQdivTable
003fe712   _IQdivTableEnd
003fe712   _IQisqrtRoundSatTable
003fe712   _IQsqrtRoundSatTable
003fe722   _IQisqrtTable
003fe722   _IQsqrtTable
003fe824   _IQatan2HalfPITable
003fe824   _IQisqrtTableEnd
003fe824   _IQsqrtTableEnd
003fe862   _IQatan2Table
003fe9e8   _IQ30mpyRndSatTable
003fe9e8   _IQatan2TableEnd
003fe9e8   _IQmpyRndSatTable
003fe9f4   _IQ29mpyRndSatTable
003fea00   _IQ28mpyRndSatTable
003fea0c   _IQ27mpyRndSatTable
003fea18   _IQ26mpyRndSatTable
003fea24   _IQ25mpyRndSatTable
003fea30   _IQ24mpyRndSatTable
003fea3c   _IQ23mpyRndSatTable
003fea48   _IQ22mpyRndSatTable
003fea54   _IQ21mpyRndSatTable
003fea60   _IQ20mpyRndSatTable
003fea6c   _IQ19mpyRndSatTable
003fea78   _IQ18mpyRndSatTable
003fea84   _IQ17mpyRndSatTable
003fea90   _IQ16mpyRndSatTable
003fea9c   _IQ15mpyRndSatTable
003feaa8   _IQ14mpyRndSatTable
003feab4   _IQ13mpyRndSatTable
003feac0   _IQ12mpyRndSatTable
003feacc   _IQ11mpyRndSatTable
003fead8   _IQ10mpyRndSatTable
003feae4   _IQ9mpyRndSatTable
003feaf0   _IQ8mpyRndSatTable
003feafc   _IQ7mpyRndSatTable
003feb08   _IQ6mpyRndSatTable
003feb14   _IQ5mpyRndSatTable
003feb20   _IQ4mpyRndSatTable
003feb2c   _IQ3mpyRndSatTable
003feb38   _IQ2mpyRndSatTable
003feb44   _IQ1mpyRndSatTable
003feb50   _IQmpyRndSatTableEnd
ffffffff   ___TI_pprof_out_hndl
ffffffff   ___TI_prof_var_size
ffffffff   ___TI_prof_var_start
ffffffff   ___binit__
ffffffff   ___c_args__
ffffffff   ___pinit__
ffffffff   binit
ffffffff   pinit

[298 symbols]
