###############################################################################
#                                                                             #
# IAR ELF Linker V6.30.1.53127/W32 for ARM              26/May/2014  15:14:34 #
# Copyright 2007-2011 IAR Systems AB.                                         #
#                                                                             #
#    Output file  =  F:\Users\Android\Documents\GitHub\src_docs\Wireless_data #
#                    _Recevie\LED_DRIVER_STM32F107\Project\Template\EWARMv5\S #
#                    TM3210E-EVAL\Exe\STM3210E-EVAL.out                       #
#    Map file     =  F:\Users\Android\Documents\GitHub\src_docs\Wireless_data #
#                    _Recevie\LED_DRIVER_STM32F107\Project\Template\EWARMv5\S #
#                    TM3210E-EVAL\List\STM3210E-EVAL.map                      #
#    Command line =  F:\Users\Android\Documents\GitHub\src_docs\Wireless_data #
#                    _Recevie\LED_DRIVER_STM32F107\Project\Template\EWARMv5\S #
#                    TM3210E-EVAL\Obj\core_cm3.o                              #
#                    F:\Users\Android\Documents\GitHub\src_docs\Wireless_data #
#                    _Recevie\LED_DRIVER_STM32F107\Project\Template\EWARMv5\S #
#                    TM3210E-EVAL\Obj\hw_config.o                             #
#                    F:\Users\Android\Documents\GitHub\src_docs\Wireless_data #
#                    _Recevie\LED_DRIVER_STM32F107\Project\Template\EWARMv5\S #
#                    TM3210E-EVAL\Obj\main.o F:\Users\Android\Documents\GitHu #
#                    b\src_docs\Wireless_data_Recevie\LED_DRIVER_STM32F107\Pr #
#                    oject\Template\EWARMv5\STM3210E-EVAL\Obj\misc.o          #
#                    F:\Users\Android\Documents\GitHub\src_docs\Wireless_data #
#                    _Recevie\LED_DRIVER_STM32F107\Project\Template\EWARMv5\S #
#                    TM3210E-EVAL\Obj\startup_stm32f10x_hd.o                  #
#                    F:\Users\Android\Documents\GitHub\src_docs\Wireless_data #
#                    _Recevie\LED_DRIVER_STM32F107\Project\Template\EWARMv5\S #
#                    TM3210E-EVAL\Obj\stm32f10x_adc.o                         #
#                    F:\Users\Android\Documents\GitHub\src_docs\Wireless_data #
#                    _Recevie\LED_DRIVER_STM32F107\Project\Template\EWARMv5\S #
#                    TM3210E-EVAL\Obj\stm32f10x_bkp.o                         #
#                    F:\Users\Android\Documents\GitHub\src_docs\Wireless_data #
#                    _Recevie\LED_DRIVER_STM32F107\Project\Template\EWARMv5\S #
#                    TM3210E-EVAL\Obj\stm32f10x_can.o                         #
#                    F:\Users\Android\Documents\GitHub\src_docs\Wireless_data #
#                    _Recevie\LED_DRIVER_STM32F107\Project\Template\EWARMv5\S #
#                    TM3210E-EVAL\Obj\stm32f10x_dac.o                         #
#                    F:\Users\Android\Documents\GitHub\src_docs\Wireless_data #
#                    _Recevie\LED_DRIVER_STM32F107\Project\Template\EWARMv5\S #
#                    TM3210E-EVAL\Obj\stm32f10x_dma.o                         #
#                    F:\Users\Android\Documents\GitHub\src_docs\Wireless_data #
#                    _Recevie\LED_DRIVER_STM32F107\Project\Template\EWARMv5\S #
#                    TM3210E-EVAL\Obj\stm32f10x_exti.o                        #
#                    F:\Users\Android\Documents\GitHub\src_docs\Wireless_data #
#                    _Recevie\LED_DRIVER_STM32F107\Project\Template\EWARMv5\S #
#                    TM3210E-EVAL\Obj\stm32f10x_fsmc.o                        #
#                    F:\Users\Android\Documents\GitHub\src_docs\Wireless_data #
#                    _Recevie\LED_DRIVER_STM32F107\Project\Template\EWARMv5\S #
#                    TM3210E-EVAL\Obj\stm32f10x_gpio.o                        #
#                    F:\Users\Android\Documents\GitHub\src_docs\Wireless_data #
#                    _Recevie\LED_DRIVER_STM32F107\Project\Template\EWARMv5\S #
#                    TM3210E-EVAL\Obj\stm32f10x_it.o                          #
#                    F:\Users\Android\Documents\GitHub\src_docs\Wireless_data #
#                    _Recevie\LED_DRIVER_STM32F107\Project\Template\EWARMv5\S #
#                    TM3210E-EVAL\Obj\stm32f10x_pwr.o                         #
#                    F:\Users\Android\Documents\GitHub\src_docs\Wireless_data #
#                    _Recevie\LED_DRIVER_STM32F107\Project\Template\EWARMv5\S #
#                    TM3210E-EVAL\Obj\stm32f10x_rcc.o                         #
#                    F:\Users\Android\Documents\GitHub\src_docs\Wireless_data #
#                    _Recevie\LED_DRIVER_STM32F107\Project\Template\EWARMv5\S #
#                    TM3210E-EVAL\Obj\stm32f10x_rtc.o                         #
#                    F:\Users\Android\Documents\GitHub\src_docs\Wireless_data #
#                    _Recevie\LED_DRIVER_STM32F107\Project\Template\EWARMv5\S #
#                    TM3210E-EVAL\Obj\stm32f10x_spi.o                         #
#                    F:\Users\Android\Documents\GitHub\src_docs\Wireless_data #
#                    _Recevie\LED_DRIVER_STM32F107\Project\Template\EWARMv5\S #
#                    TM3210E-EVAL\Obj\stm32f10x_tim.o                         #
#                    F:\Users\Android\Documents\GitHub\src_docs\Wireless_data #
#                    _Recevie\LED_DRIVER_STM32F107\Project\Template\EWARMv5\S #
#                    TM3210E-EVAL\Obj\stm32f10x_usart.o                       #
#                    F:\Users\Android\Documents\GitHub\src_docs\Wireless_data #
#                    _Recevie\LED_DRIVER_STM32F107\Project\Template\EWARMv5\S #
#                    TM3210E-EVAL\Obj\system_stm32f10x.o --redirect           #
#                    _Printf=_PrintfFull --redirect _Scanf=_ScanfFull -o      #
#                    F:\Users\Android\Documents\GitHub\src_docs\Wireless_data #
#                    _Recevie\LED_DRIVER_STM32F107\Project\Template\EWARMv5\S #
#                    TM3210E-EVAL\Exe\STM3210E-EVAL.out --map                 #
#                    F:\Users\Android\Documents\GitHub\src_docs\Wireless_data #
#                    _Recevie\LED_DRIVER_STM32F107\Project\Template\EWARMv5\S #
#                    TM3210E-EVAL\List\STM3210E-EVAL.map --config             #
#                    F:\Users\Android\Documents\GitHub\src_docs\Wireless_data #
#                    _Recevie\LED_DRIVER_STM32F107\Project\Template\EWARMv5\S #
#                    TM32F10x_FLASH.icf --semihosting --entry                 #
#                    __iar_program_start --vfe                                #
#                                                                             #
#                                                                             #
###############################################################################

*******************************************************************************
*** RUNTIME MODEL ATTRIBUTES
***

CppFlavor       = *
__SystemLibrary = DLib


*******************************************************************************
*** PLACEMENT SUMMARY
***

"A1":  place at 0x08000000 { ro section .intvec };
"P1":  place in [from 0x08000000 to 0x0807ffff] { ro };
"P2":  place in [from 0x20000000 to 0x2000ffff] { rw, block CSTACK, block HEAP };

  Section            Kind        Address   Size  Object
  -------            ----        -------   ----  ------
"A1":                                     0x130
  .intvec            ro code  0x08000000  0x130  startup_stm32f10x_hd.o [1]
                            - 0x08000130  0x130

"P1":                                     0xcc4
  .text              ro code  0x08000130  0x358  main.o [1]
  .text              ro code  0x08000488   0xde  stm32f10x_usart.o [1]
  .text              ro code  0x08000566   0x2e  copy_init3.o [5]
  .text              ro code  0x08000594  0x294  stm32f10x_can.o [1]
  .text              ro code  0x08000828   0xe4  system_stm32f10x.o [1]
  .text              ro code  0x0800090c   0xc8  stm32f10x_rcc.o [1]
  .text              ro code  0x080009d4   0xbe  stm32f10x_gpio.o [1]
  .text              ro code  0x08000a92   0x22  zero_init3.o [5]
  .text              ro code  0x08000ab4   0x78  misc.o [1]
  .text              ro code  0x08000b2c   0xec  stm32f10x_it.o [1]
  .text              ro code  0x08000c18   0x2c  data_init3.o [5]
  .iar.init_table    const    0x08000c44   0x24  - Linker created -
  .text              ro code  0x08000c68   0x1c  startup_stm32f10x_hd.o [1]
  .text              ro code  0x08000c84   0x16  cmain.o [5]
  .text              ro code  0x08000c9a    0x4  exit.o [3]
  .text              ro code  0x08000ca0    0xa  cexit.o [5]
  .text              ro code  0x08000cac   0x14  exit.o [6]
  .text              ro code  0x08000cc0    0xc  cstartup_M.o [5]
  .text              ro code  0x08000ccc    0x4  startup_stm32f10x_hd.o [1]
  .text              ro code  0x08000cd0    0x4  startup_stm32f10x_hd.o [1]
  .text              ro code  0x08000cd4    0x4  startup_stm32f10x_hd.o [1]
  .text              ro code  0x08000cd8    0x4  startup_stm32f10x_hd.o [1]
  .text              ro code  0x08000cdc    0x4  startup_stm32f10x_hd.o [1]
  .text              ro code  0x08000ce0    0x4  startup_stm32f10x_hd.o [1]
  .text              ro code  0x08000ce4    0x4  startup_stm32f10x_hd.o [1]
  .text              ro code  0x08000ce8    0x4  startup_stm32f10x_hd.o [1]
  .text              ro code  0x08000cec    0x4  startup_stm32f10x_hd.o [1]
  .text              ro code  0x08000cf0    0x4  startup_stm32f10x_hd.o [1]
  .text              ro code  0x08000cf4    0x4  startup_stm32f10x_hd.o [1]
  .text              ro code  0x08000cf8    0x4  startup_stm32f10x_hd.o [1]
  .text              ro code  0x08000cfc    0x4  startup_stm32f10x_hd.o [1]
  .text              ro code  0x08000d00    0x4  startup_stm32f10x_hd.o [1]
  .text              ro code  0x08000d04    0x4  startup_stm32f10x_hd.o [1]
  .text              ro code  0x08000d08    0x4  startup_stm32f10x_hd.o [1]
  .text              ro code  0x08000d0c    0x4  startup_stm32f10x_hd.o [1]
  .text              ro code  0x08000d10    0x4  startup_stm32f10x_hd.o [1]
  .text              ro code  0x08000d14    0x4  startup_stm32f10x_hd.o [1]
  .text              ro code  0x08000d18    0x4  startup_stm32f10x_hd.o [1]
  .text              ro code  0x08000d1c    0x4  startup_stm32f10x_hd.o [1]
  .text              ro code  0x08000d20    0x4  startup_stm32f10x_hd.o [1]
  .text              ro code  0x08000d24    0x4  startup_stm32f10x_hd.o [1]
  .text              ro code  0x08000d28    0x4  startup_stm32f10x_hd.o [1]
  .text              ro code  0x08000d2c    0x4  startup_stm32f10x_hd.o [1]
  .text              ro code  0x08000d30    0x4  startup_stm32f10x_hd.o [1]
  .text              ro code  0x08000d34    0x4  startup_stm32f10x_hd.o [1]
  .text              ro code  0x08000d38    0x4  startup_stm32f10x_hd.o [1]
  .text              ro code  0x08000d3c    0x4  startup_stm32f10x_hd.o [1]
  .text              ro code  0x08000d40    0x4  startup_stm32f10x_hd.o [1]
  .text              ro code  0x08000d44    0x4  startup_stm32f10x_hd.o [1]
  .text              ro code  0x08000d48    0x4  startup_stm32f10x_hd.o [1]
  .text              ro code  0x08000d4c    0x4  startup_stm32f10x_hd.o [1]
  .text              ro code  0x08000d50    0x4  startup_stm32f10x_hd.o [1]
  .text              ro code  0x08000d54    0x4  startup_stm32f10x_hd.o [1]
  .text              ro code  0x08000d58    0x4  startup_stm32f10x_hd.o [1]
  .text              ro code  0x08000d5c    0x4  startup_stm32f10x_hd.o [1]
  .text              ro code  0x08000d60    0x4  startup_stm32f10x_hd.o [1]
  .text              ro code  0x08000d64    0x4  startup_stm32f10x_hd.o [1]
  .text              ro code  0x08000d68    0x4  startup_stm32f10x_hd.o [1]
  .text              ro code  0x08000d6c    0x4  startup_stm32f10x_hd.o [1]
  .text              ro code  0x08000d70    0x4  startup_stm32f10x_hd.o [1]
  .text              ro code  0x08000d74    0x4  startup_stm32f10x_hd.o [1]
  .text              ro code  0x08000d78    0x4  startup_stm32f10x_hd.o [1]
  .text              ro code  0x08000d7c    0x4  startup_stm32f10x_hd.o [1]
  .text              ro code  0x08000d80    0x4  startup_stm32f10x_hd.o [1]
  .text              ro code  0x08000d84    0x4  startup_stm32f10x_hd.o [1]
  .text              ro code  0x08000d88    0x4  startup_stm32f10x_hd.o [1]
  .text              ro code  0x08000d8c    0x4  startup_stm32f10x_hd.o [1]
  .text              ro code  0x08000d90    0x4  startup_stm32f10x_hd.o [1]
  .text              ro code  0x08000d94    0x4  startup_stm32f10x_hd.o [1]
  .text              ro code  0x08000d98    0x4  startup_stm32f10x_hd.o [1]
  .text              ro code  0x08000d9c    0x4  startup_stm32f10x_hd.o [1]
  .text              ro code  0x08000da0    0x4  startup_stm32f10x_hd.o [1]
  .text              ro code  0x08000da4    0x4  startup_stm32f10x_hd.o [1]
  .text              ro code  0x08000da8    0x4  startup_stm32f10x_hd.o [1]
  .text              ro code  0x08000dac    0x4  startup_stm32f10x_hd.o [1]
  .text              ro code  0x08000db0    0x4  startup_stm32f10x_hd.o [1]
  .text              ro code  0x08000db4    0x4  startup_stm32f10x_hd.o [1]
  .text              ro code  0x08000db8    0x4  startup_stm32f10x_hd.o [1]
  .text              ro code  0x08000dbc    0x4  startup_stm32f10x_hd.o [1]
  .text              ro code  0x08000dc0    0x4  startup_stm32f10x_hd.o [1]
  .text              ro code  0x08000dc4    0x4  startup_stm32f10x_hd.o [1]
  .text              ro code  0x08000dc8    0x4  startup_stm32f10x_hd.o [1]
  .text              ro code  0x08000dcc    0x4  startup_stm32f10x_hd.o [1]
  .text              ro code  0x08000dd0    0x4  startup_stm32f10x_hd.o [1]
  .text              ro code  0x08000dd4    0x4  startup_stm32f10x_hd.o [1]
  .text              ro code  0x08000dd8    0x4  startup_stm32f10x_hd.o [1]
  .text              ro code  0x08000ddc    0x4  startup_stm32f10x_hd.o [1]
  .rodata            const    0x08000de0    0x0  bwt_init3c.o [5]
  Initializer bytes  ro data  0x08000de0   0x14  <for P2 s0>
                            - 0x08000df4  0xcc4

"P2", part 1 of 3:                         0x14
  P2 s0                       0x20000000   0x14  <Init block>
    .data            inited   0x20000000   0x14  stm32f10x_rcc.o [1]
                            - 0x20000014   0x14

"P2", part 2 of 3:                         0x44
  .bss               zero     0x20000014   0x14  stm32f10x_it.o [1]
  .bss               zero     0x20000028   0x10  main.o [1]
  .bss               zero     0x20000038   0x10  main.o [1]
  .bss               zero     0x20000048    0xc  main.o [1]
  .bss               zero     0x20000054    0x2  stm32f10x_it.o [1]
  .bss               zero     0x20000056    0x1  main.o [1]
                            - 0x20000057   0x43

"P2", part 3 of 3:                        0x400
  CSTACK                      0x20000058  0x400  <Block>
    CSTACK           uninit   0x20000058  0x400  <Block tail>
                            - 0x20000458  0x400


*******************************************************************************
*** INIT TABLE
***

          Address     Size
          -------     ----
Zero (__iar_zero_init3)
    1 destination range, total size 0x43:
          0x20000014  0x43

Copy (__iar_copy_init3)
    1 source range, total size 0x14:
          0x08000de0  0x14
    1 destination range, total size 0x14:
          0x20000000  0x14



*******************************************************************************
*** MODULE SUMMARY
***

    Module                  ro code  ro data  rw data
    ------                  -------  -------  -------
F:\Users\Android\Documents\GitHub\src_docs\Wireless_data_Recevie\LED_DRIVER_STM32F107\Project\Template\EWARMv5\STM3210E-EVAL\Obj: [1]
    main.o                      856                45
    misc.o                      120
    startup_stm32f10x_hd.o      608
    stm32f10x_can.o             660
    stm32f10x_gpio.o            190
    stm32f10x_it.o              236                22
    stm32f10x_rcc.o             200       20       20
    stm32f10x_usart.o           222
    system_stm32f10x.o          228
    -------------------------------------------------
    Total:                    3 320       20       87

command line: [2]
    -------------------------------------------------
    Total:

dl7M_tln.a: [3]
    exit.o                        4
    -------------------------------------------------
    Total:                        4

m7M_tl.a: [4]
    -------------------------------------------------
    Total:

rt7M_tl.a: [5]
    bwt_init3c.o
    cexit.o                      10
    cmain.o                      22
    copy_init3.o                 46
    cstartup_M.o                 12
    data_init3.o                 44
    zero_init3.o                 34
    -------------------------------------------------
    Total:                      168

shb_l.a: [6]
    exit.o                       20
    -------------------------------------------------
    Total:                       20

    Gaps                          4
    Linker created                        36    1 024
-----------------------------------------------------
    Grand Total:              3 516       56    1 111


*******************************************************************************
*** ENTRY LIST
***

Entry                      Address  Size  Type      Object
-----                      -------  ----  ----      ------
?main                   0x08000c85        Code  Gb  cmain.o [5]
ADC1_2_IRQHandler       0x08000d39        Code  Wk  startup_stm32f10x_hd.o [1]
ADC3_IRQHandler         0x08000dad        Code  Wk  startup_stm32f10x_hd.o [1]
ADCPrescTable           0x20000010   0x4  Data  Lc  stm32f10x_rcc.o [1]
APBAHBPrescTable        0x20000000  0x10  Data  Lc  stm32f10x_rcc.o [1]
BusFault_Handler        0x08000b33   0x2  Code  Gb  stm32f10x_it.o [1]
CAN1_RX1_IRQHandler     0x08000d45        Code  Wk  startup_stm32f10x_hd.o [1]
CAN1_SCE_IRQHandler     0x08000d49        Code  Wk  startup_stm32f10x_hd.o [1]
CAN_Configuration       0x0800036d  0xb4  Code  Gb  main.o [1]
CAN_DeInit              0x08000595  0x32  Code  Gb  stm32f10x_can.o [1]
CAN_FilterInit          0x080006a5  0xa6  Code  Gb  stm32f10x_can.o [1]
CAN_Init                0x080005c7  0xde  Code  Gb  stm32f10x_can.o [1]
CAN_StructInit          0x0800074b  0x20  Code  Gb  stm32f10x_can.o [1]
CAN_Transmit            0x08000779  0xb0  Code  Gb  stm32f10x_can.o [1]
CSTACK$$Base            0x20000058         --   Gb  - Linker created -
CSTACK$$Limit           0x20000458         --   Gb  - Linker created -
DMA1_Channel1_IRQHandler
                        0x08000d1d        Code  Wk  startup_stm32f10x_hd.o [1]
DMA1_Channel2_IRQHandler
                        0x08000d21        Code  Wk  startup_stm32f10x_hd.o [1]
DMA1_Channel3_IRQHandler
                        0x08000d25        Code  Wk  startup_stm32f10x_hd.o [1]
DMA1_Channel4_IRQHandler
                        0x08000d29        Code  Wk  startup_stm32f10x_hd.o [1]
DMA1_Channel5_IRQHandler
                        0x08000d2d        Code  Wk  startup_stm32f10x_hd.o [1]
DMA1_Channel6_IRQHandler
                        0x08000d31        Code  Wk  startup_stm32f10x_hd.o [1]
DMA1_Channel7_IRQHandler
                        0x08000d35        Code  Wk  startup_stm32f10x_hd.o [1]
DMA2_Channel1_IRQHandler
                        0x08000dd1        Code  Wk  startup_stm32f10x_hd.o [1]
DMA2_Channel2_IRQHandler
                        0x08000dd5        Code  Wk  startup_stm32f10x_hd.o [1]
DMA2_Channel3_IRQHandler
                        0x08000dd9        Code  Wk  startup_stm32f10x_hd.o [1]
DMA2_Channel4_5_IRQHandler
                        0x08000ddd        Code  Wk  startup_stm32f10x_hd.o [1]
DebugMon_Handler        0x08000b39   0x2  Code  Gb  stm32f10x_it.o [1]
Delay                   0x08000443  0x14  Code  Gb  main.o [1]
EXTI0_IRQHandler        0x08000d09        Code  Wk  startup_stm32f10x_hd.o [1]
EXTI15_10_IRQHandler    0x08000d91        Code  Wk  startup_stm32f10x_hd.o [1]
EXTI1_IRQHandler        0x08000d0d        Code  Wk  startup_stm32f10x_hd.o [1]
EXTI2_IRQHandler        0x08000d11        Code  Wk  startup_stm32f10x_hd.o [1]
EXTI3_IRQHandler        0x08000d15        Code  Wk  startup_stm32f10x_hd.o [1]
EXTI4_IRQHandler        0x08000d19        Code  Wk  startup_stm32f10x_hd.o [1]
EXTI9_5_IRQHandler      0x08000d4d        Code  Wk  startup_stm32f10x_hd.o [1]
FLASH_IRQHandler        0x08000d01        Code  Wk  startup_stm32f10x_hd.o [1]
FSMC_IRQHandler         0x08000db1        Code  Wk  startup_stm32f10x_hd.o [1]
GPIO_Configuration      0x080001f7  0xa2  Code  Gb  main.o [1]
GPIO_Init               0x080009d5  0xbe  Code  Gb  stm32f10x_gpio.o [1]
HardFault_Handler       0x08000b2f   0x2  Code  Gb  stm32f10x_it.o [1]
I2C1_ER_IRQHandler      0x08000d71        Code  Wk  startup_stm32f10x_hd.o [1]
I2C1_EV_IRQHandler      0x08000d6d        Code  Wk  startup_stm32f10x_hd.o [1]
I2C2_ER_IRQHandler      0x08000d79        Code  Wk  startup_stm32f10x_hd.o [1]
I2C2_EV_IRQHandler      0x08000d75        Code  Wk  startup_stm32f10x_hd.o [1]
MemManage_Handler       0x08000b31   0x2  Code  Gb  stm32f10x_it.o [1]
NMI_Handler             0x08000b2d   0x2  Code  Gb  stm32f10x_it.o [1]
NVIC_Configuration      0x080002f1  0x46  Code  Gb  main.o [1]
NVIC_Init               0x08000abf  0x58  Code  Gb  misc.o [1]
NVIC_PriorityGroupConfig
                        0x08000ab5   0xa  Code  Gb  misc.o [1]
PVD_IRQHandler          0x08000cf5        Code  Wk  startup_stm32f10x_hd.o [1]
PendSV_Handler          0x08000b3b   0x2  Code  Gb  stm32f10x_it.o [1]
RCC_APB1PeriphClockCmd  0x08000995  0x12  Code  Gb  stm32f10x_rcc.o [1]
RCC_APB1PeriphResetCmd  0x080009a7  0x12  Code  Gb  stm32f10x_rcc.o [1]
RCC_APB2PeriphClockCmd  0x08000983  0x12  Code  Gb  stm32f10x_rcc.o [1]
RCC_Configuration       0x080001d9  0x1e  Code  Gb  main.o [1]
RCC_GetClocksFreq       0x0800090d  0x76  Code  Gb  stm32f10x_rcc.o [1]
RCC_IRQHandler          0x08000d05        Code  Wk  startup_stm32f10x_hd.o [1]
RTCAlarm_IRQHandler     0x08000d95        Code  Wk  startup_stm32f10x_hd.o [1]
RTC_IRQHandler          0x08000cfd        Code  Wk  startup_stm32f10x_hd.o [1]
Region$$Table$$Base     0x08000c44         --   Gb  - Linker created -
Region$$Table$$Limit    0x08000c68         --   Gb  - Linker created -
RxBuffer1               0x20000028  0x10  Data  Gb  main.o [1]
RxCounter1              0x20000056   0x1  Data  Gb  main.o [1]
SDIO_IRQHandler         0x08000db5        Code  Wk  startup_stm32f10x_hd.o [1]
SPI1_IRQHandler         0x08000d7d        Code  Wk  startup_stm32f10x_hd.o [1]
SPI2_IRQHandler         0x08000d81        Code  Wk  startup_stm32f10x_hd.o [1]
SPI3_IRQHandler         0x08000dbd        Code  Wk  startup_stm32f10x_hd.o [1]
SVC_Handler             0x08000b37   0x2  Code  Gb  stm32f10x_it.o [1]
SysTick_Handler         0x08000b3d   0x2  Code  Gb  stm32f10x_it.o [1]
SystemInit              0x08000829  0xd2  Code  Gb  system_stm32f10x.o [1]
SystemInit_ExtMemCtl    0x08000c69        Code  Wk  startup_stm32f10x_hd.o [1]
TAMPER_IRQHandler       0x08000cf9        Code  Wk  startup_stm32f10x_hd.o [1]
TIM1_BRK_IRQHandler     0x08000d51        Code  Wk  startup_stm32f10x_hd.o [1]
TIM1_CC_IRQHandler      0x08000d5d        Code  Wk  startup_stm32f10x_hd.o [1]
TIM1_TRG_COM_IRQHandler
                        0x08000d59        Code  Wk  startup_stm32f10x_hd.o [1]
TIM1_UP_IRQHandler      0x08000d55        Code  Wk  startup_stm32f10x_hd.o [1]
TIM2_IRQHandler         0x08000bcb   0x2  Code  Gb  stm32f10x_it.o [1]
TIM3_IRQHandler         0x08000bcd   0x2  Code  Gb  stm32f10x_it.o [1]
TIM4_IRQHandler         0x08000bcf   0x2  Code  Gb  stm32f10x_it.o [1]
TIM5_IRQHandler         0x08000db9        Code  Wk  startup_stm32f10x_hd.o [1]
TIM6_IRQHandler         0x08000dc9        Code  Wk  startup_stm32f10x_hd.o [1]
TIM7_IRQHandler         0x08000dcd        Code  Wk  startup_stm32f10x_hd.o [1]
TIM8_BRK_IRQHandler     0x08000d9d        Code  Wk  startup_stm32f10x_hd.o [1]
TIM8_CC_IRQHandler      0x08000da9        Code  Wk  startup_stm32f10x_hd.o [1]
TIM8_TRG_COM_IRQHandler
                        0x08000da5        Code  Wk  startup_stm32f10x_hd.o [1]
TIM8_UP_IRQHandler      0x08000da1        Code  Wk  startup_stm32f10x_hd.o [1]
TxMessage               0x20000014  0x14  Data  Gb  stm32f10x_it.o [1]
UART4_IRQHandler        0x08000bd1  0x26  Code  Gb  stm32f10x_it.o [1]
UART5_IRQHandler        0x08000dc5        Code  Wk  startup_stm32f10x_hd.o [1]
USART1_IRQHandler       0x08000b3f  0x64  Code  Gb  stm32f10x_it.o [1]
USART2_IRQHandler       0x08000ba3  0x1e  Code  Gb  stm32f10x_it.o [1]
USART3_IRQHandler       0x08000bc9   0x2  Code  Gb  stm32f10x_it.o [1]
USART_ClearFlag         0x0800055f   0x2  Code  Gb  stm32f10x_usart.o [1]
USART_Cmd               0x08000505  0x14  Code  Gb  stm32f10x_usart.o [1]
USART_Config            0x080002d7  0x1a  Code  Gb  main.o [1]
USART_GetFlagStatus     0x08000551   0xe  Code  Gb  stm32f10x_usart.o [1]
USART_ITConfig          0x08000519  0x30  Code  Gb  stm32f10x_usart.o [1]
USART_Init              0x08000489  0x78  Code  Gb  stm32f10x_usart.o [1]
USART_InitStructure     0x20000038  0x10  Data  Gb  main.o [1]
USART_ReceiveData       0x08000549   0x8  Code  Gb  stm32f10x_usart.o [1]
USBWakeUp_IRQHandler    0x08000d99        Code  Wk  startup_stm32f10x_hd.o [1]
USB_HP_CAN1_TX_IRQHandler
                        0x08000d3d        Code  Wk  startup_stm32f10x_hd.o [1]
USB_LP_CAN1_RX0_IRQHandler
                        0x08000d41        Code  Wk  startup_stm32f10x_hd.o [1]
UsageFault_Handler      0x08000b35   0x2  Code  Gb  stm32f10x_it.o [1]
WWDG_IRQHandler         0x08000cf1        Code  Wk  startup_stm32f10x_hd.o [1]
__cmain                 0x08000c85        Code  Gb  cmain.o [5]
__exit                  0x08000cad  0x14  Code  Gb  exit.o [6]
__iar_SB                0x08000de0        Data  Gb  bwt_init3c.o [5]
__iar_copy_init3        0x08000567  0x2e  Code  Gb  copy_init3.o [5]
__iar_data_init3        0x08000c19  0x2c  Code  Gb  data_init3.o [5]
__iar_program_start     0x08000cc1        Code  Gb  cstartup_M.o [5]
__iar_zero_init3        0x08000a93  0x22  Code  Gb  zero_init3.o [5]
__low_level_init        0x08000c6b        Code  Gb  startup_stm32f10x_hd.o [1]
__vector_table          0x08000000        Data  Gb  startup_stm32f10x_hd.o [1]
_call_main              0x08000c91        Code  Gb  cmain.o [5]
_exit                   0x08000ca1        Code  Gb  cexit.o [5]
_main                   0x08000c97        Code  Gb  cmain.o [5]
aa                      0x20000054   0x2  Data  Gb  stm32f10x_it.o [1]
distance_valid_flag     0x2000004c   0x4  Data  Gb  main.o [1]
exit                    0x08000c9b   0x4  Code  Gb  exit.o [3]
main                    0x08000131  0x9e  Code  Gb  main.o [1]
send_data_flag          0x20000050   0x4  Data  Gb  main.o [1]
y_bias                  0x20000048   0x1  Data  Gb  main.o [1]


[1] = F:\Users\Android\Documents\GitHub\src_docs\Wireless_data_Recevie\LED_DRIVER_STM32F107\Project\Template\EWARMv5\STM3210E-EVAL\Obj
[2] = command line
[3] = dl7M_tln.a
[4] = m7M_tl.a
[5] = rt7M_tl.a
[6] = shb_l.a

  3 516 bytes of readonly  code memory
     56 bytes of readonly  data memory
  1 111 bytes of readwrite data memory

Errors: none
Warnings: none
