###############################################################################
#                                                                             #
# IAR ELF Linker V5.40.0.51500/W32 for ARM              21/Apr/2014  15:33:13 #
# Copyright (C) 2007-2009 IAR Systems AB.                                     #
#                                                                             #
#    Output file  =  F:\Users\Android\Documents\GitHub\src_docs\Wireless_data #
#                    _Send\LED_DRIVER_STM32F107\Project\Template\EWARMv5\STM3 #
#                    210C-EVAL\Exe\STM3210C-EVAL.out                          #
#    Map file     =  F:\Users\Android\Documents\GitHub\src_docs\Wireless_data #
#                    _Send\LED_DRIVER_STM32F107\Project\Template\EWARMv5\STM3 #
#                    210C-EVAL\List\STM3210C-EVAL.map                         #
#    Command line =  F:\Users\Android\Documents\GitHub\src_docs\Wireless_data #
#                    _Send\LED_DRIVER_STM32F107\Project\Template\EWARMv5\STM3 #
#                    210C-EVAL\Obj\core_cm3.o F:\Users\Android\Documents\GitH #
#                    ub\src_docs\Wireless_data_Send\LED_DRIVER_STM32F107\Proj #
#                    ect\Template\EWARMv5\STM3210C-EVAL\Obj\hw_config.o       #
#                    F:\Users\Android\Documents\GitHub\src_docs\Wireless_data #
#                    _Send\LED_DRIVER_STM32F107\Project\Template\EWARMv5\STM3 #
#                    210C-EVAL\Obj\main.o F:\Users\Android\Documents\GitHub\s #
#                    rc_docs\Wireless_data_Send\LED_DRIVER_STM32F107\Project\ #
#                    Template\EWARMv5\STM3210C-EVAL\Obj\misc.o                #
#                    F:\Users\Android\Documents\GitHub\src_docs\Wireless_data #
#                    _Send\LED_DRIVER_STM32F107\Project\Template\EWARMv5\STM3 #
#                    210C-EVAL\Obj\startup_stm32f10x_cl.o                     #
#                    F:\Users\Android\Documents\GitHub\src_docs\Wireless_data #
#                    _Send\LED_DRIVER_STM32F107\Project\Template\EWARMv5\STM3 #
#                    210C-EVAL\Obj\stm32f10x_adc.o                            #
#                    F:\Users\Android\Documents\GitHub\src_docs\Wireless_data #
#                    _Send\LED_DRIVER_STM32F107\Project\Template\EWARMv5\STM3 #
#                    210C-EVAL\Obj\stm32f10x_bkp.o                            #
#                    F:\Users\Android\Documents\GitHub\src_docs\Wireless_data #
#                    _Send\LED_DRIVER_STM32F107\Project\Template\EWARMv5\STM3 #
#                    210C-EVAL\Obj\stm32f10x_can.o                            #
#                    F:\Users\Android\Documents\GitHub\src_docs\Wireless_data #
#                    _Send\LED_DRIVER_STM32F107\Project\Template\EWARMv5\STM3 #
#                    210C-EVAL\Obj\stm32f10x_dac.o                            #
#                    F:\Users\Android\Documents\GitHub\src_docs\Wireless_data #
#                    _Send\LED_DRIVER_STM32F107\Project\Template\EWARMv5\STM3 #
#                    210C-EVAL\Obj\stm32f10x_dma.o                            #
#                    F:\Users\Android\Documents\GitHub\src_docs\Wireless_data #
#                    _Send\LED_DRIVER_STM32F107\Project\Template\EWARMv5\STM3 #
#                    210C-EVAL\Obj\stm32f10x_exti.o                           #
#                    F:\Users\Android\Documents\GitHub\src_docs\Wireless_data #
#                    _Send\LED_DRIVER_STM32F107\Project\Template\EWARMv5\STM3 #
#                    210C-EVAL\Obj\stm32f10x_fsmc.o                           #
#                    F:\Users\Android\Documents\GitHub\src_docs\Wireless_data #
#                    _Send\LED_DRIVER_STM32F107\Project\Template\EWARMv5\STM3 #
#                    210C-EVAL\Obj\stm32f10x_gpio.o                           #
#                    F:\Users\Android\Documents\GitHub\src_docs\Wireless_data #
#                    _Send\LED_DRIVER_STM32F107\Project\Template\EWARMv5\STM3 #
#                    210C-EVAL\Obj\stm32f10x_it.o                             #
#                    F:\Users\Android\Documents\GitHub\src_docs\Wireless_data #
#                    _Send\LED_DRIVER_STM32F107\Project\Template\EWARMv5\STM3 #
#                    210C-EVAL\Obj\stm32f10x_pwr.o                            #
#                    F:\Users\Android\Documents\GitHub\src_docs\Wireless_data #
#                    _Send\LED_DRIVER_STM32F107\Project\Template\EWARMv5\STM3 #
#                    210C-EVAL\Obj\stm32f10x_rcc.o                            #
#                    F:\Users\Android\Documents\GitHub\src_docs\Wireless_data #
#                    _Send\LED_DRIVER_STM32F107\Project\Template\EWARMv5\STM3 #
#                    210C-EVAL\Obj\stm32f10x_rtc.o                            #
#                    F:\Users\Android\Documents\GitHub\src_docs\Wireless_data #
#                    _Send\LED_DRIVER_STM32F107\Project\Template\EWARMv5\STM3 #
#                    210C-EVAL\Obj\stm32f10x_spi.o                            #
#                    F:\Users\Android\Documents\GitHub\src_docs\Wireless_data #
#                    _Send\LED_DRIVER_STM32F107\Project\Template\EWARMv5\STM3 #
#                    210C-EVAL\Obj\stm32f10x_tim.o                            #
#                    F:\Users\Android\Documents\GitHub\src_docs\Wireless_data #
#                    _Send\LED_DRIVER_STM32F107\Project\Template\EWARMv5\STM3 #
#                    210C-EVAL\Obj\stm32f10x_usart.o                          #
#                    F:\Users\Android\Documents\GitHub\src_docs\Wireless_data #
#                    _Send\LED_DRIVER_STM32F107\Project\Template\EWARMv5\STM3 #
#                    210C-EVAL\Obj\system_stm32f10x.o -o                      #
#                    F:\Users\Android\Documents\GitHub\src_docs\Wireless_data #
#                    _Send\LED_DRIVER_STM32F107\Project\Template\EWARMv5\STM3 #
#                    210C-EVAL\Exe\STM3210C-EVAL.out --map                    #
#                    F:\Users\Android\Documents\GitHub\src_docs\Wireless_data #
#                    _Send\LED_DRIVER_STM32F107\Project\Template\EWARMv5\STM3 #
#                    210C-EVAL\List\STM3210C-EVAL.map --config                #
#                    F:\Users\Android\Documents\GitHub\src_docs\Wireless_data #
#                    _Send\LED_DRIVER_STM32F107\Project\Template\EWARMv5\STM3 #
#                    2F10x_FLASH.icf --semihosting --entry                    #
#                    __iar_program_start                                      #
#                                                                             #
#                                                                             #
###############################################################################

*******************************************************************************
*** RUNTIME MODEL ATTRIBUTES
***

__endian      = little
__thumb_aware = enabled


*******************************************************************************
*** PLACEMENT SUMMARY
***

"A1":  place at 0x08000000 { ro section .intvec };
"P1":  place in [from 0x08000000 to 0x0807ffff] { ro };
"P2":  place in [from 0x20000000 to 0x2000ffff] {
          rw, block CSTACK, block HEAP };

  Section            Kind        Address    Size  Object
  -------            ----        -------    ----  ------
"A1":                                      0x150
  .intvec            ro code  0x08000000   0x150  startup_stm32f10x_cl.o [1]
                            - 0x08000150   0x150

"P1":                                     0x13f0
  .text              ro code  0x08000150   0x43c  main.o [1]
  .text              ro code  0x0800058c   0x38e  stm32f10x_can.o [1]
  .text              ro code  0x0800091c   0x284  stm32f10x_it.o [1]
  .text              ro code  0x08000ba0   0x250  stm32f10x_rcc.o [1]
  .text              ro code  0x08000df0   0x19c  system_stm32f10x.o [1]
  .text              ro code  0x08000f8c   0x16c  stm32f10x_usart.o [1]
  .text              ro code  0x080010f8   0x150  stm32f10x_gpio.o [1]
  .text              ro code  0x08001248    0x90  misc.o [1]
  .text              ro code  0x080012d8    0x40  stm32f10x_tim.o [1]
  .text              ro code  0x08001318    0x24  copy_init2.o [4]
  .iar.init_table    const    0x0800133c    0x24  - Linker created -
  .text              ro code  0x08001360    0x20  data_init2.o [4]
  .text              ro code  0x08001380    0x1c  I32ToFlt.o [4]
  .text              ro code  0x0800139c    0x1c  iarwstd.o [5]
  .text              ro code  0x080013b8    0x1a  zero_init2.o [4]
  .text              ro code  0x080013d4    0x18  cmain.o [4]
  .text              ro code  0x080013ec    0x14  exit.o [5]
  .text              ro code  0x08001400     0xa  cexit.o [4]
  .text              ro code  0x0800140a     0x6  exit.o [3]
  .text              ro code  0x08001410     0x4  startup_stm32f10x_cl.o [1]
  .text              ro code  0x08001414     0x4  startup_stm32f10x_cl.o [1]
  .text              ro code  0x08001418     0x4  startup_stm32f10x_cl.o [1]
  .text              ro code  0x0800141c     0x4  startup_stm32f10x_cl.o [1]
  .text              ro code  0x08001420     0x4  startup_stm32f10x_cl.o [1]
  .text              ro code  0x08001424     0x4  startup_stm32f10x_cl.o [1]
  .text              ro code  0x08001428     0x4  startup_stm32f10x_cl.o [1]
  .text              ro code  0x0800142c     0x4  startup_stm32f10x_cl.o [1]
  .text              ro code  0x08001430     0x4  startup_stm32f10x_cl.o [1]
  .text              ro code  0x08001434     0x4  startup_stm32f10x_cl.o [1]
  .text              ro code  0x08001438     0x4  startup_stm32f10x_cl.o [1]
  .text              ro code  0x0800143c     0x4  startup_stm32f10x_cl.o [1]
  .text              ro code  0x08001440     0x4  startup_stm32f10x_cl.o [1]
  .text              ro code  0x08001444     0x4  startup_stm32f10x_cl.o [1]
  .text              ro code  0x08001448     0x4  startup_stm32f10x_cl.o [1]
  .text              ro code  0x0800144c     0x4  startup_stm32f10x_cl.o [1]
  .text              ro code  0x08001450     0x4  startup_stm32f10x_cl.o [1]
  .text              ro code  0x08001454     0x4  startup_stm32f10x_cl.o [1]
  .text              ro code  0x08001458     0x4  startup_stm32f10x_cl.o [1]
  .text              ro code  0x0800145c     0x4  startup_stm32f10x_cl.o [1]
  .text              ro code  0x08001460     0x4  startup_stm32f10x_cl.o [1]
  .text              ro code  0x08001464     0x4  startup_stm32f10x_cl.o [1]
  .text              ro code  0x08001468     0x4  startup_stm32f10x_cl.o [1]
  .text              ro code  0x0800146c     0x4  startup_stm32f10x_cl.o [1]
  .text              ro code  0x08001470     0x4  startup_stm32f10x_cl.o [1]
  .text              ro code  0x08001474     0x4  startup_stm32f10x_cl.o [1]
  .text              ro code  0x08001478     0x4  startup_stm32f10x_cl.o [1]
  .text              ro code  0x0800147c     0x4  startup_stm32f10x_cl.o [1]
  .text              ro code  0x08001480     0x4  startup_stm32f10x_cl.o [1]
  .text              ro code  0x08001484     0x4  startup_stm32f10x_cl.o [1]
  .text              ro code  0x08001488     0x4  startup_stm32f10x_cl.o [1]
  .text              ro code  0x0800148c     0x4  startup_stm32f10x_cl.o [1]
  .text              ro code  0x08001490     0x4  startup_stm32f10x_cl.o [1]
  .text              ro code  0x08001494     0x4  startup_stm32f10x_cl.o [1]
  .text              ro code  0x08001498     0x4  startup_stm32f10x_cl.o [1]
  .text              ro code  0x0800149c     0x4  startup_stm32f10x_cl.o [1]
  .text              ro code  0x080014a0     0x4  startup_stm32f10x_cl.o [1]
  .text              ro code  0x080014a4     0x4  startup_stm32f10x_cl.o [1]
  .text              ro code  0x080014a8     0x4  startup_stm32f10x_cl.o [1]
  .text              ro code  0x080014ac     0x4  startup_stm32f10x_cl.o [1]
  .text              ro code  0x080014b0     0x4  startup_stm32f10x_cl.o [1]
  .text              ro code  0x080014b4     0x4  startup_stm32f10x_cl.o [1]
  .text              ro code  0x080014b8     0x4  startup_stm32f10x_cl.o [1]
  .text              ro code  0x080014bc     0x4  startup_stm32f10x_cl.o [1]
  .text              ro code  0x080014c0     0x4  startup_stm32f10x_cl.o [1]
  .text              ro code  0x080014c4     0x4  startup_stm32f10x_cl.o [1]
  .text              ro code  0x080014c8     0x4  startup_stm32f10x_cl.o [1]
  .text              ro code  0x080014cc     0x4  startup_stm32f10x_cl.o [1]
  .text              ro code  0x080014d0     0x4  startup_stm32f10x_cl.o [1]
  .text              ro code  0x080014d4     0x4  startup_stm32f10x_cl.o [1]
  .text              ro code  0x080014d8     0x4  startup_stm32f10x_cl.o [1]
  .text              ro code  0x080014dc     0x4  startup_stm32f10x_cl.o [1]
  .text              ro code  0x080014e0     0x4  startup_stm32f10x_cl.o [1]
  .text              ro code  0x080014e4     0x4  startup_stm32f10x_cl.o [1]
  .text              ro code  0x080014e8     0x4  startup_stm32f10x_cl.o [1]
  .text              ro code  0x080014ec     0x4  startup_stm32f10x_cl.o [1]
  .text              ro code  0x080014f0     0x4  startup_stm32f10x_cl.o [1]
  .text              ro code  0x080014f4     0x4  startup_stm32f10x_cl.o [1]
  .text              ro code  0x080014f8     0x4  startup_stm32f10x_cl.o [1]
  .text              ro code  0x080014fc     0x4  startup_stm32f10x_cl.o [1]
  .text              ro code  0x08001500     0x4  startup_stm32f10x_cl.o [1]
  .text              ro code  0x08001504     0x4  startup_stm32f10x_cl.o [1]
  .text              ro code  0x08001508     0x4  startup_stm32f10x_cl.o [1]
  .text              ro code  0x0800150c     0x4  startup_stm32f10x_cl.o [1]
  .text              ro code  0x08001510     0x4  startup_stm32f10x_cl.o [1]
  .text              ro code  0x08001514     0x4  startup_stm32f10x_cl.o [1]
  .text              ro code  0x08001518     0x4  startup_stm32f10x_cl.o [1]
  .text              ro code  0x0800151c     0x4  startup_stm32f10x_cl.o [1]
  .text              ro code  0x08001520     0x4  startup_stm32f10x_cl.o [1]
  .text              ro code  0x08001524     0x4  startup_stm32f10x_cl.o [1]
  .text              ro code  0x08001528     0x4  low_level_init.o [3]
  Initializer bytes  ro data  0x0800152c    0x14  <for P2 s0>
                            - 0x08001540  0x13f0

"P2", part 1 of 3:                         0x400
  CSTACK                      0x20000000   0x400  <Block>
    CSTACK           uninit   0x20000000   0x400  <Block tail>
                            - 0x20000400   0x400

"P2", part 2 of 3:                          0x40
  .bss               zero     0x20000400    0x10  main.o [1]
  .bss               zero     0x20000410    0x10  main.o [1]
  .bss               zero     0x20000420     0x8  main.o [1]
  .bss               zero     0x20000428     0x4  main.o [1]
  .bss               zero     0x2000042c     0x4  main.o [1]
  .bss               zero     0x20000430     0x4  main.o [1]
  .bss               zero     0x20000434     0x4  main.o [1]
  .bss               zero     0x20000438     0x4  iarwstd.o [5]
  .bss               zero     0x2000043c     0x2  stm32f10x_it.o [1]
  .bss               zero     0x2000043e     0x1  main.o [1]
  .bss               zero     0x2000043f     0x1  main.o [1]
                            - 0x20000440    0x40

"P2", part 3 of 3:                          0x14
  P2 s0                       0x20000440    0x14  <Init block>
    .data            inited   0x20000440    0x10  stm32f10x_rcc.o [1]
    .data            inited   0x20000450     0x4  stm32f10x_rcc.o [1]
                            - 0x20000454    0x14


*******************************************************************************
*** INIT TABLE
***

          Address     Size
          -------     ----
Zero (__iar_zero_init2)
    1 destination range, total size 0x40:
          0x20000400  0x40

Copy (__iar_copy_init2)
    1 source range, total size 0x14 (100% of destination):
          0x0800152c  0x14
    1 destination range, total size 0x14:
          0x20000440  0x14


*******************************************************************************
*** MODULE SUMMARY
***

    Module                  ro code  ro data  rw data
    ------                  -------  -------  -------
F:\Users\Android\Documents\GitHub\src_docs\Wireless_data_Send\LED_DRIVER_STM32F107\Project\Template\EWARMv5\STM3210C-EVAL\Obj: [1]
    main.o                    1 084                58
    misc.o                      144
    startup_stm32f10x_cl.o      616
    stm32f10x_can.o             910
    stm32f10x_gpio.o            336
    stm32f10x_it.o              644                 2
    stm32f10x_rcc.o             592       20       20
    stm32f10x_tim.o              64
    stm32f10x_usart.o           364
    system_stm32f10x.o          412
    -------------------------------------------------
    Total:                    5 166       20       80

command line: [2]
    -------------------------------------------------
    Total:

dl7M_tl_in.a: [3]
    exit.o                        6
    low_level_init.o              4
    -------------------------------------------------
    Total:                       10

rt7M_tl.a: [4]
    I32ToFlt.o                   28
    cexit.o                      10
    cmain.o                      24
    copy_init2.o                 36
    data_init2.o                 32
    zero_init2.o                 26
    -------------------------------------------------
    Total:                      156

shb_l.a: [5]
    exit.o                       20
    iarwstd.o                    28                 4
    -------------------------------------------------
    Total:                       48                 4

    Gaps                          4
    Linker created                        36    1 024
-----------------------------------------------------
    Grand Total:              5 384       56    1 108


*******************************************************************************
*** ENTRY LIST
***

Entry                      Address   Size  Type      Object
-----                      -------   ----  ----      ------
ADC1_2_IRQHandler       0x0800147d         Code  Wk  startup_stm32f10x_cl.o [1]
ADCPrescTable           0x20000450    0x4  Data  Lc  stm32f10x_rcc.o [1]
APBAHBPrescTable        0x20000440   0x10  Data  Lc  stm32f10x_rcc.o [1]
BusFault_Handler        0x08000923    0x2  Code  Gb  stm32f10x_it.o [1]
CAN1_RX0_IRQHandler     0x08000991   0xcc  Code  Gb  stm32f10x_it.o [1]
CAN1_RX1_IRQHandler     0x08001489         Code  Wk  startup_stm32f10x_cl.o [1]
CAN1_SCE_IRQHandler     0x0800148d         Code  Wk  startup_stm32f10x_cl.o [1]
CAN1_TX_IRQHandler      0x08001481         Code  Wk  startup_stm32f10x_cl.o [1]
CAN2_RX0_IRQHandler     0x08000b55   0x18  Code  Gb  stm32f10x_it.o [1]
CAN2_RX1_IRQHandler     0x0800151d         Code  Wk  startup_stm32f10x_cl.o [1]
CAN2_SCE_IRQHandler     0x08001521         Code  Wk  startup_stm32f10x_cl.o [1]
CAN2_TX_IRQHandler      0x08001515         Code  Wk  startup_stm32f10x_cl.o [1]
CAN_Configuration       0x0800044d  0x11c  Code  Gb  main.o [1]
CAN_DeInit              0x0800058d   0x3c  Code  Gb  stm32f10x_can.o [1]
CAN_FIFORelease         0x08000827   0x12  Code  Gb  stm32f10x_can.o [1]
CAN_FilterInit          0x080006e5   0xf8  Code  Gb  stm32f10x_can.o [1]
CAN_ITConfig            0x08000811   0x16  Code  Gb  stm32f10x_can.o [1]
CAN_Init                0x080005c9  0x11c  Code  Gb  stm32f10x_can.o [1]
CAN_Receive             0x08000839   0xe2  Code  Gb  stm32f10x_can.o [1]
CAN_StructInit          0x080007dd   0x2e  Code  Gb  stm32f10x_can.o [1]
CSTACK$$Base            0x20000000          --   Gb  - Linker created -
CSTACK$$Limit           0x20000400          --   Gb  - Linker created -
DMA1_Channel1_IRQHandler
                        0x08001461         Code  Wk  startup_stm32f10x_cl.o [1]
DMA1_Channel2_IRQHandler
                        0x08001465         Code  Wk  startup_stm32f10x_cl.o [1]
DMA1_Channel3_IRQHandler
                        0x08001469         Code  Wk  startup_stm32f10x_cl.o [1]
DMA1_Channel4_IRQHandler
                        0x0800146d         Code  Wk  startup_stm32f10x_cl.o [1]
DMA1_Channel5_IRQHandler
                        0x08001471         Code  Wk  startup_stm32f10x_cl.o [1]
DMA1_Channel6_IRQHandler
                        0x08001475         Code  Wk  startup_stm32f10x_cl.o [1]
DMA1_Channel7_IRQHandler
                        0x08001479         Code  Wk  startup_stm32f10x_cl.o [1]
DMA2_Channel1_IRQHandler
                        0x080014f9         Code  Wk  startup_stm32f10x_cl.o [1]
DMA2_Channel2_IRQHandler
                        0x080014fd         Code  Wk  startup_stm32f10x_cl.o [1]
DMA2_Channel3_IRQHandler
                        0x08001501         Code  Wk  startup_stm32f10x_cl.o [1]
DMA2_Channel4_IRQHandler
                        0x08001505         Code  Wk  startup_stm32f10x_cl.o [1]
DMA2_Channel5_IRQHandler
                        0x08001509         Code  Wk  startup_stm32f10x_cl.o [1]
DebugMon_Handler        0x08000929    0x2  Code  Gb  stm32f10x_it.o [1]
Delay                   0x08000575   0x14  Code  Gb  main.o [1]
ETH_IRQHandler          0x0800150d         Code  Wk  startup_stm32f10x_cl.o [1]
ETH_WKUP_IRQHandler     0x08001511         Code  Wk  startup_stm32f10x_cl.o [1]
EXTI0_IRQHandler        0x0800144d         Code  Wk  startup_stm32f10x_cl.o [1]
EXTI15_10_IRQHandler    0x080014d5         Code  Wk  startup_stm32f10x_cl.o [1]
EXTI1_IRQHandler        0x08001451         Code  Wk  startup_stm32f10x_cl.o [1]
EXTI2_IRQHandler        0x08001455         Code  Wk  startup_stm32f10x_cl.o [1]
EXTI3_IRQHandler        0x08001459         Code  Wk  startup_stm32f10x_cl.o [1]
EXTI4_IRQHandler        0x0800145d         Code  Wk  startup_stm32f10x_cl.o [1]
EXTI9_5_IRQHandler      0x08001491         Code  Wk  startup_stm32f10x_cl.o [1]
FLASH_IRQHandler        0x08001445         Code  Wk  startup_stm32f10x_cl.o [1]
GPIO_Configuration      0x08000225  0x12e  Code  Gb  main.o [1]
GPIO_Init               0x080010f9  0x150  Code  Gb  stm32f10x_gpio.o [1]
HardFault_Handler       0x0800091f    0x2  Code  Gb  stm32f10x_it.o [1]
I2C1_ER_IRQHandler      0x080014b5         Code  Wk  startup_stm32f10x_cl.o [1]
I2C1_EV_IRQHandler      0x080014b1         Code  Wk  startup_stm32f10x_cl.o [1]
I2C2_ER_IRQHandler      0x080014bd         Code  Wk  startup_stm32f10x_cl.o [1]
I2C2_EV_IRQHandler      0x080014b9         Code  Wk  startup_stm32f10x_cl.o [1]
MemManage_Handler       0x08000921    0x2  Code  Gb  stm32f10x_it.o [1]
NMI_Handler             0x0800091d    0x2  Code  Gb  stm32f10x_it.o [1]
NVIC_Configuration      0x0800038d   0xc0  Code  Gb  main.o [1]
NVIC_Init               0x08001259   0x7c  Code  Gb  misc.o [1]
NVIC_PriorityGroupConfig
                        0x08001249   0x10  Code  Gb  misc.o [1]
OTG_FS_IRQHandler       0x08001525         Code  Wk  startup_stm32f10x_cl.o [1]
OTG_FS_WKUP_IRQHandler  0x080014dd         Code  Wk  startup_stm32f10x_cl.o [1]
PVD_IRQHandler          0x08001439         Code  Wk  startup_stm32f10x_cl.o [1]
PendSV_Handler          0x0800092b    0x2  Code  Gb  stm32f10x_it.o [1]
RCC_APB1PeriphClockCmd  0x08000da9   0x24  Code  Gb  stm32f10x_rcc.o [1]
RCC_APB1PeriphResetCmd  0x08000dcd   0x24  Code  Gb  stm32f10x_rcc.o [1]
RCC_APB2PeriphClockCmd  0x08000d85   0x24  Code  Gb  stm32f10x_rcc.o [1]
RCC_Configuration       0x08000205   0x20  Code  Gb  main.o [1]
RCC_GetClocksFreq       0x08000ba1  0x1dc  Code  Gb  stm32f10x_rcc.o [1]
RCC_IRQHandler          0x08001449         Code  Wk  startup_stm32f10x_cl.o [1]
RTCAlarm_IRQHandler     0x080014d9         Code  Wk  startup_stm32f10x_cl.o [1]
RTC_IRQHandler          0x08001441         Code  Wk  startup_stm32f10x_cl.o [1]
Region$$Table$$Base     0x0800133c          --   Gb  - Linker created -
Region$$Table$$Limit    0x08001360          --   Gb  - Linker created -
RxBuffer1               0x20000400   0x10  Data  Gb  main.o [1]
RxCounter1              0x2000043e    0x1  Data  Gb  main.o [1]
SPI1_IRQHandler         0x080014c1         Code  Wk  startup_stm32f10x_cl.o [1]
SPI2_IRQHandler         0x080014c5         Code  Wk  startup_stm32f10x_cl.o [1]
SPI3_IRQHandler         0x080014e5         Code  Wk  startup_stm32f10x_cl.o [1]
SVC_Handler             0x08000927    0x2  Code  Gb  stm32f10x_it.o [1]
SetSysClock             0x08000e5d    0x8  Code  Lc  system_stm32f10x.o [1]
SetSysClockTo72         0x08000e65  0x11c  Code  Lc  system_stm32f10x.o [1]
SysTick_Handler         0x0800092d    0x2  Code  Gb  stm32f10x_it.o [1]
SystemInit              0x08000df1   0x6c  Code  Gb  system_stm32f10x.o [1]
TAMPER_IRQHandler       0x0800143d         Code  Wk  startup_stm32f10x_cl.o [1]
TIM1_BRK_IRQHandler     0x08001495         Code  Wk  startup_stm32f10x_cl.o [1]
TIM1_CC_IRQHandler      0x080014a1         Code  Wk  startup_stm32f10x_cl.o [1]
TIM1_TRG_COM_IRQHandler
                        0x0800149d         Code  Wk  startup_stm32f10x_cl.o [1]
TIM1_UP_IRQHandler      0x08001499         Code  Wk  startup_stm32f10x_cl.o [1]
TIM2_IRQHandler         0x08000afd    0x2  Code  Gb  stm32f10x_it.o [1]
TIM3_IRQHandler         0x08000b01   0x28  Code  Gb  stm32f10x_it.o [1]
TIM4_IRQHandler         0x08000b29   0x28  Code  Gb  stm32f10x_it.o [1]
TIM5_IRQHandler         0x080014e1         Code  Wk  startup_stm32f10x_cl.o [1]
TIM6_IRQHandler         0x080014f1         Code  Wk  startup_stm32f10x_cl.o [1]
TIM7_IRQHandler         0x080014f5         Code  Wk  startup_stm32f10x_cl.o [1]
TIM_ClearITPendingBit   0x08001311    0x8  Code  Gb  stm32f10x_tim.o [1]
TIM_GetITStatus         0x080012d9   0x38  Code  Gb  stm32f10x_tim.o [1]
TxBuffer1               0x20000420    0x8  Data  Gb  main.o [1]
UART4_IRQHandler        0x08000b6d   0x2a  Code  Gb  stm32f10x_it.o [1]
UART5_IRQHandler        0x080014ed         Code  Wk  startup_stm32f10x_cl.o [1]
USART1_IRQHandler       0x0800092f   0x3a  Code  Gb  stm32f10x_it.o [1]
USART2_IRQHandler       0x08000969   0x28  Code  Gb  stm32f10x_it.o [1]
USART3_IRQHandler       0x08000a5d   0xa0  Code  Gb  stm32f10x_it.o [1]
USART_ClearFlag         0x080010ed    0xc  Code  Gb  stm32f10x_usart.o [1]
USART_Cmd               0x08001041   0x1c  Code  Gb  stm32f10x_usart.o [1]
USART_Config            0x08000355   0x38  Code  Gb  main.o [1]
USART_GetFlagStatus     0x080010cb   0x22  Code  Gb  stm32f10x_usart.o [1]
USART_ITConfig          0x0800105d   0x5e  Code  Gb  stm32f10x_usart.o [1]
USART_Init              0x08000f8d   0xb0  Code  Gb  stm32f10x_usart.o [1]
USART_InitStructure     0x20000410   0x10  Data  Gb  main.o [1]
USART_ReceiveData       0x080010c3    0x8  Code  Gb  stm32f10x_usart.o [1]
USART_SendData          0x080010bb    0x8  Code  Gb  stm32f10x_usart.o [1]
UsageFault_Handler      0x08000925    0x2  Code  Gb  stm32f10x_it.o [1]
WWDG_IRQHandler         0x08001435         Code  Wk  startup_stm32f10x_cl.o [1]
__aeabi_ui2f            0x08001381         Code  Gb  I32ToFlt.o [4]
__exit                  0x080013ed   0x14  Code  Gb  exit.o [5]
__iar_copy_init2        0x08001319   0x24  Code  Gb  copy_init2.o [4]
__iar_data_init2        0x08001361   0x20  Code  Gb  data_init2.o [4]
__iar_program_start     0x080013d5         Code  Gb  cmain.o [4]
__iar_sh_stdout_close   0x0800139d   0x16  Code  Gb  iarwstd.o [5]
__iar_sh_stdout_handle  0x20000438    0x4  Data  Lc  iarwstd.o [5]
__iar_ui2f              0x08001383         Code  Gb  I32ToFlt.o [4]
__iar_zero_init2        0x080013b9   0x1a  Code  Gb  zero_init2.o [4]
__low_level_init        0x08001529    0x4  Code  Gb  low_level_init.o [3]
__vector_table          0x08000000         Data  Gb  startup_stm32f10x_cl.o [1]
_exit                   0x08001401         Code  Gb  cexit.o [4]
_main                   0x080013e7         Code  Gb  cmain.o [4]
aa                      0x2000043c    0x2  Data  Gb  stm32f10x_it.o [1]
distance_vaild_flag     0x20000434    0x4  Data  Gb  main.o [1]
exit                    0x0800140b    0x6  Code  Gb  exit.o [3]
main                    0x08000151   0xb4  Code  Gb  main.o [1]
rec_f                   0x2000043f    0x1  Data  Gb  main.o [1]
send_wireless_flag      0x20000430    0x4  Data  Gb  main.o [1]
y_bias                  0x2000042c    0x4  Data  Gb  main.o [1]
y_dir                   0x20000428    0x4  Data  Gb  main.o [1]


[1] = F:\Users\Android\Documents\GitHub\src_docs\Wireless_data_Send\LED_DRIVER_STM32F107\Project\Template\EWARMv5\STM3210C-EVAL\Obj
[2] = command line
[3] = dl7M_tl_in.a
[4] = rt7M_tl.a
[5] = shb_l.a

  5 384 bytes of readonly  code memory
     56 bytes of readonly  data memory
  1 108 bytes of readwrite data memory

Errors: none
Warnings: none
