###############################################################################
#                                                                             #
# IAR ELF Linker V5.40.0.51500/W32 for ARM              15/Apr/2014  10:12:29 #
# Copyright (C) 2007-2009 IAR Systems AB.                                     #
#                                                                             #
#    Output file  =  F:\baoyujian\Wireless_data_Send\LED_DRIVER_STM32F107\Pro #
#                    ject\Template\EWARMv5\STM3210C-EVAL\Exe\STM3210C-EVAL.ou #
#                    t                                                        #
#    Map file     =  F:\baoyujian\Wireless_data_Send\LED_DRIVER_STM32F107\Pro #
#                    ject\Template\EWARMv5\STM3210C-EVAL\List\STM3210C-EVAL.m #
#                    ap                                                       #
#    Command line =  F:\baoyujian\Wireless_data_Send\LED_DRIVER_STM32F107\Pro #
#                    ject\Template\EWARMv5\STM3210C-EVAL\Obj\core_cm3.o       #
#                    F:\baoyujian\Wireless_data_Send\LED_DRIVER_STM32F107\Pro #
#                    ject\Template\EWARMv5\STM3210C-EVAL\Obj\hw_config.o      #
#                    F:\baoyujian\Wireless_data_Send\LED_DRIVER_STM32F107\Pro #
#                    ject\Template\EWARMv5\STM3210C-EVAL\Obj\main.o           #
#                    F:\baoyujian\Wireless_data_Send\LED_DRIVER_STM32F107\Pro #
#                    ject\Template\EWARMv5\STM3210C-EVAL\Obj\misc.o           #
#                    F:\baoyujian\Wireless_data_Send\LED_DRIVER_STM32F107\Pro #
#                    ject\Template\EWARMv5\STM3210C-EVAL\Obj\startup_stm32f10 #
#                    x_cl.o F:\baoyujian\Wireless_data_Send\LED_DRIVER_STM32F #
#                    107\Project\Template\EWARMv5\STM3210C-EVAL\Obj\stm32f10x #
#                    _adc.o F:\baoyujian\Wireless_data_Send\LED_DRIVER_STM32F #
#                    107\Project\Template\EWARMv5\STM3210C-EVAL\Obj\stm32f10x #
#                    _bkp.o F:\baoyujian\Wireless_data_Send\LED_DRIVER_STM32F #
#                    107\Project\Template\EWARMv5\STM3210C-EVAL\Obj\stm32f10x #
#                    _can.o F:\baoyujian\Wireless_data_Send\LED_DRIVER_STM32F #
#                    107\Project\Template\EWARMv5\STM3210C-EVAL\Obj\stm32f10x #
#                    _dac.o F:\baoyujian\Wireless_data_Send\LED_DRIVER_STM32F #
#                    107\Project\Template\EWARMv5\STM3210C-EVAL\Obj\stm32f10x #
#                    _dma.o F:\baoyujian\Wireless_data_Send\LED_DRIVER_STM32F #
#                    107\Project\Template\EWARMv5\STM3210C-EVAL\Obj\stm32f10x #
#                    _exti.o F:\baoyujian\Wireless_data_Send\LED_DRIVER_STM32 #
#                    F107\Project\Template\EWARMv5\STM3210C-EVAL\Obj\stm32f10 #
#                    x_fsmc.o F:\baoyujian\Wireless_data_Send\LED_DRIVER_STM3 #
#                    2F107\Project\Template\EWARMv5\STM3210C-EVAL\Obj\stm32f1 #
#                    0x_gpio.o F:\baoyujian\Wireless_data_Send\LED_DRIVER_STM #
#                    32F107\Project\Template\EWARMv5\STM3210C-EVAL\Obj\stm32f #
#                    10x_it.o F:\baoyujian\Wireless_data_Send\LED_DRIVER_STM3 #
#                    2F107\Project\Template\EWARMv5\STM3210C-EVAL\Obj\stm32f1 #
#                    0x_pwr.o F:\baoyujian\Wireless_data_Send\LED_DRIVER_STM3 #
#                    2F107\Project\Template\EWARMv5\STM3210C-EVAL\Obj\stm32f1 #
#                    0x_rcc.o F:\baoyujian\Wireless_data_Send\LED_DRIVER_STM3 #
#                    2F107\Project\Template\EWARMv5\STM3210C-EVAL\Obj\stm32f1 #
#                    0x_rtc.o F:\baoyujian\Wireless_data_Send\LED_DRIVER_STM3 #
#                    2F107\Project\Template\EWARMv5\STM3210C-EVAL\Obj\stm32f1 #
#                    0x_spi.o F:\baoyujian\Wireless_data_Send\LED_DRIVER_STM3 #
#                    2F107\Project\Template\EWARMv5\STM3210C-EVAL\Obj\stm32f1 #
#                    0x_tim.o F:\baoyujian\Wireless_data_Send\LED_DRIVER_STM3 #
#                    2F107\Project\Template\EWARMv5\STM3210C-EVAL\Obj\stm32f1 #
#                    0x_usart.o F:\baoyujian\Wireless_data_Send\LED_DRIVER_ST #
#                    M32F107\Project\Template\EWARMv5\STM3210C-EVAL\Obj\syste #
#                    m_stm32f10x.o -o F:\baoyujian\Wireless_data_Send\LED_DRI #
#                    VER_STM32F107\Project\Template\EWARMv5\STM3210C-EVAL\Exe #
#                    \STM3210C-EVAL.out --map F:\baoyujian\Wireless_data_Send #
#                    \LED_DRIVER_STM32F107\Project\Template\EWARMv5\STM3210C- #
#                    EVAL\List\STM3210C-EVAL.map --config                     #
#                    F:\baoyujian\Wireless_data_Send\LED_DRIVER_STM32F107\Pro #
#                    ject\Template\EWARMv5\STM32F10x_FLASH.icf --semihosting  #
#                    --entry __iar_program_start                              #
#                                                                             #
#                                                                             #
###############################################################################

*******************************************************************************
*** RUNTIME MODEL ATTRIBUTES
***

__endian      = little
__thumb_aware = enabled


*******************************************************************************
*** PLACEMENT SUMMARY
***

"A1":  place at 0x08000000 { ro section .intvec };
"P1":  place in [from 0x08000000 to 0x0807ffff] { ro };
"P2":  place in [from 0x20000000 to 0x2000ffff] {
          rw, block CSTACK, block HEAP };

  Section            Kind        Address    Size  Object
  -------            ----        -------    ----  ------
"A1":                                      0x150
  .intvec            ro code  0x08000000   0x150  startup_stm32f10x_cl.o [1]
                            - 0x08000150   0x150

"P1":                                     0x15f0
  .text              ro code  0x08000150   0x4c4  main.o [1]
  .text              ro code  0x08000614   0x38e  stm32f10x_can.o [1]
  .text              ro code  0x080009a4   0x284  stm32f10x_it.o [1]
  .text              ro code  0x08000c28   0x274  stm32f10x_rcc.o [1]
  .text              ro code  0x08000e9c   0x19c  system_stm32f10x.o [1]
  .text              ro code  0x08001038   0x192  stm32f10x_tim.o [1]
  .text              ro code  0x080011cc   0x16c  stm32f10x_usart.o [1]
  .text              ro code  0x08001338   0x150  stm32f10x_gpio.o [1]
  .text              ro code  0x08001488    0x90  misc.o [1]
  .text              ro code  0x08001518    0x24  copy_init2.o [4]
  .iar.init_table    const    0x0800153c    0x24  - Linker created -
  .text              ro code  0x08001560    0x20  data_init2.o [4]
  .text              ro code  0x08001580    0x1c  I32ToFlt.o [4]
  .text              ro code  0x0800159c    0x1c  iarwstd.o [5]
  .text              ro code  0x080015b8    0x1a  zero_init2.o [4]
  .text              ro code  0x080015d4    0x18  cmain.o [4]
  .text              ro code  0x080015ec    0x14  exit.o [5]
  .text              ro code  0x08001600     0xa  cexit.o [4]
  .text              ro code  0x0800160a     0x6  exit.o [3]
  .text              ro code  0x08001610     0x4  startup_stm32f10x_cl.o [1]
  .text              ro code  0x08001614     0x4  startup_stm32f10x_cl.o [1]
  .text              ro code  0x08001618     0x4  startup_stm32f10x_cl.o [1]
  .text              ro code  0x0800161c     0x4  startup_stm32f10x_cl.o [1]
  .text              ro code  0x08001620     0x4  startup_stm32f10x_cl.o [1]
  .text              ro code  0x08001624     0x4  startup_stm32f10x_cl.o [1]
  .text              ro code  0x08001628     0x4  startup_stm32f10x_cl.o [1]
  .text              ro code  0x0800162c     0x4  startup_stm32f10x_cl.o [1]
  .text              ro code  0x08001630     0x4  startup_stm32f10x_cl.o [1]
  .text              ro code  0x08001634     0x4  startup_stm32f10x_cl.o [1]
  .text              ro code  0x08001638     0x4  startup_stm32f10x_cl.o [1]
  .text              ro code  0x0800163c     0x4  startup_stm32f10x_cl.o [1]
  .text              ro code  0x08001640     0x4  startup_stm32f10x_cl.o [1]
  .text              ro code  0x08001644     0x4  startup_stm32f10x_cl.o [1]
  .text              ro code  0x08001648     0x4  startup_stm32f10x_cl.o [1]
  .text              ro code  0x0800164c     0x4  startup_stm32f10x_cl.o [1]
  .text              ro code  0x08001650     0x4  startup_stm32f10x_cl.o [1]
  .text              ro code  0x08001654     0x4  startup_stm32f10x_cl.o [1]
  .text              ro code  0x08001658     0x4  startup_stm32f10x_cl.o [1]
  .text              ro code  0x0800165c     0x4  startup_stm32f10x_cl.o [1]
  .text              ro code  0x08001660     0x4  startup_stm32f10x_cl.o [1]
  .text              ro code  0x08001664     0x4  startup_stm32f10x_cl.o [1]
  .text              ro code  0x08001668     0x4  startup_stm32f10x_cl.o [1]
  .text              ro code  0x0800166c     0x4  startup_stm32f10x_cl.o [1]
  .text              ro code  0x08001670     0x4  startup_stm32f10x_cl.o [1]
  .text              ro code  0x08001674     0x4  startup_stm32f10x_cl.o [1]
  .text              ro code  0x08001678     0x4  startup_stm32f10x_cl.o [1]
  .text              ro code  0x0800167c     0x4  startup_stm32f10x_cl.o [1]
  .text              ro code  0x08001680     0x4  startup_stm32f10x_cl.o [1]
  .text              ro code  0x08001684     0x4  startup_stm32f10x_cl.o [1]
  .text              ro code  0x08001688     0x4  startup_stm32f10x_cl.o [1]
  .text              ro code  0x0800168c     0x4  startup_stm32f10x_cl.o [1]
  .text              ro code  0x08001690     0x4  startup_stm32f10x_cl.o [1]
  .text              ro code  0x08001694     0x4  startup_stm32f10x_cl.o [1]
  .text              ro code  0x08001698     0x4  startup_stm32f10x_cl.o [1]
  .text              ro code  0x0800169c     0x4  startup_stm32f10x_cl.o [1]
  .text              ro code  0x080016a0     0x4  startup_stm32f10x_cl.o [1]
  .text              ro code  0x080016a4     0x4  startup_stm32f10x_cl.o [1]
  .text              ro code  0x080016a8     0x4  startup_stm32f10x_cl.o [1]
  .text              ro code  0x080016ac     0x4  startup_stm32f10x_cl.o [1]
  .text              ro code  0x080016b0     0x4  startup_stm32f10x_cl.o [1]
  .text              ro code  0x080016b4     0x4  startup_stm32f10x_cl.o [1]
  .text              ro code  0x080016b8     0x4  startup_stm32f10x_cl.o [1]
  .text              ro code  0x080016bc     0x4  startup_stm32f10x_cl.o [1]
  .text              ro code  0x080016c0     0x4  startup_stm32f10x_cl.o [1]
  .text              ro code  0x080016c4     0x4  startup_stm32f10x_cl.o [1]
  .text              ro code  0x080016c8     0x4  startup_stm32f10x_cl.o [1]
  .text              ro code  0x080016cc     0x4  startup_stm32f10x_cl.o [1]
  .text              ro code  0x080016d0     0x4  startup_stm32f10x_cl.o [1]
  .text              ro code  0x080016d4     0x4  startup_stm32f10x_cl.o [1]
  .text              ro code  0x080016d8     0x4  startup_stm32f10x_cl.o [1]
  .text              ro code  0x080016dc     0x4  startup_stm32f10x_cl.o [1]
  .text              ro code  0x080016e0     0x4  startup_stm32f10x_cl.o [1]
  .text              ro code  0x080016e4     0x4  startup_stm32f10x_cl.o [1]
  .text              ro code  0x080016e8     0x4  startup_stm32f10x_cl.o [1]
  .text              ro code  0x080016ec     0x4  startup_stm32f10x_cl.o [1]
  .text              ro code  0x080016f0     0x4  startup_stm32f10x_cl.o [1]
  .text              ro code  0x080016f4     0x4  startup_stm32f10x_cl.o [1]
  .text              ro code  0x080016f8     0x4  startup_stm32f10x_cl.o [1]
  .text              ro code  0x080016fc     0x4  startup_stm32f10x_cl.o [1]
  .text              ro code  0x08001700     0x4  startup_stm32f10x_cl.o [1]
  .text              ro code  0x08001704     0x4  startup_stm32f10x_cl.o [1]
  .text              ro code  0x08001708     0x4  startup_stm32f10x_cl.o [1]
  .text              ro code  0x0800170c     0x4  startup_stm32f10x_cl.o [1]
  .text              ro code  0x08001710     0x4  startup_stm32f10x_cl.o [1]
  .text              ro code  0x08001714     0x4  startup_stm32f10x_cl.o [1]
  .text              ro code  0x08001718     0x4  startup_stm32f10x_cl.o [1]
  .text              ro code  0x0800171c     0x4  startup_stm32f10x_cl.o [1]
  .text              ro code  0x08001720     0x4  startup_stm32f10x_cl.o [1]
  .text              ro code  0x08001724     0x4  startup_stm32f10x_cl.o [1]
  .text              ro code  0x08001728     0x4  low_level_init.o [3]
  Initializer bytes  ro data  0x0800172c    0x14  <for P2 s0>
                            - 0x08001740  0x15f0

"P2", part 1 of 3:                         0x400
  CSTACK                      0x20000000   0x400  <Block>
    CSTACK           uninit   0x20000000   0x400  <Block tail>
                            - 0x20000400   0x400

"P2", part 2 of 3:                          0x58
  .bss               zero     0x20000400    0x10  main.o [1]
  .bss               zero     0x20000410    0x10  main.o [1]
  .bss               zero     0x20000420     0xc  main.o [1]
  .bss               zero     0x2000042c     0xc  main.o [1]
  .bss               zero     0x20000438     0x8  main.o [1]
  .bss               zero     0x20000440     0x4  main.o [1]
  .bss               zero     0x20000444     0x4  main.o [1]
  .bss               zero     0x20000448     0x4  main.o [1]
  .bss               zero     0x2000044c     0x4  main.o [1]
  .bss               zero     0x20000450     0x4  iarwstd.o [5]
  .bss               zero     0x20000454     0x2  stm32f10x_it.o [1]
  .bss               zero     0x20000456     0x1  main.o [1]
  .bss               zero     0x20000457     0x1  main.o [1]
                            - 0x20000458    0x58

"P2", part 3 of 3:                          0x14
  P2 s0                       0x20000458    0x14  <Init block>
    .data            inited   0x20000458    0x10  stm32f10x_rcc.o [1]
    .data            inited   0x20000468     0x4  stm32f10x_rcc.o [1]
                            - 0x2000046c    0x14


*******************************************************************************
*** INIT TABLE
***

          Address     Size
          -------     ----
Zero (__iar_zero_init2)
    1 destination range, total size 0x58:
          0x20000400  0x58

Copy (__iar_copy_init2)
    1 source range, total size 0x14 (100% of destination):
          0x0800172c  0x14
    1 destination range, total size 0x14:
          0x20000458  0x14


*******************************************************************************
*** MODULE SUMMARY
***

    Module                  ro code  ro data  rw data
    ------                  -------  -------  -------
F:\baoyujian\Wireless_data_Send\LED_DRIVER_STM32F107\Project\Template\EWARMv5\STM3210C-EVAL\Obj: [1]
    main.o                    1 220                82
    misc.o                      144
    startup_stm32f10x_cl.o      616
    stm32f10x_can.o             910
    stm32f10x_gpio.o            336
    stm32f10x_it.o              644                 2
    stm32f10x_rcc.o             628       20       20
    stm32f10x_tim.o             402
    stm32f10x_usart.o           364
    system_stm32f10x.o          412
    -------------------------------------------------
    Total:                    5 676       20      104

command line: [2]
    -------------------------------------------------
    Total:

dl7M_tl_in.a: [3]
    exit.o                        6
    low_level_init.o              4
    -------------------------------------------------
    Total:                       10

rt7M_tl.a: [4]
    I32ToFlt.o                   28
    cexit.o                      10
    cmain.o                      24
    copy_init2.o                 36
    data_init2.o                 32
    zero_init2.o                 26
    -------------------------------------------------
    Total:                      156

shb_l.a: [5]
    exit.o                       20
    iarwstd.o                    28                 4
    -------------------------------------------------
    Total:                       48                 4

    Gaps                          6
    Linker created                        36    1 024
-----------------------------------------------------
    Grand Total:              5 896       56    1 132


*******************************************************************************
*** ENTRY LIST
***

Entry                      Address   Size  Type      Object
-----                      -------   ----  ----      ------
ADC1_2_IRQHandler       0x0800167d         Code  Wk  startup_stm32f10x_cl.o [1]
ADCPrescTable           0x20000468    0x4  Data  Lc  stm32f10x_rcc.o [1]
APBAHBPrescTable        0x20000458   0x10  Data  Lc  stm32f10x_rcc.o [1]
BusFault_Handler        0x080009ab    0x2  Code  Gb  stm32f10x_it.o [1]
CAN1_RX0_IRQHandler     0x08000a19   0xcc  Code  Gb  stm32f10x_it.o [1]
CAN1_RX1_IRQHandler     0x08001689         Code  Wk  startup_stm32f10x_cl.o [1]
CAN1_SCE_IRQHandler     0x0800168d         Code  Wk  startup_stm32f10x_cl.o [1]
CAN1_TX_IRQHandler      0x08001681         Code  Wk  startup_stm32f10x_cl.o [1]
CAN2_RX0_IRQHandler     0x08000bdd   0x18  Code  Gb  stm32f10x_it.o [1]
CAN2_RX1_IRQHandler     0x0800171d         Code  Wk  startup_stm32f10x_cl.o [1]
CAN2_SCE_IRQHandler     0x08001721         Code  Wk  startup_stm32f10x_cl.o [1]
CAN2_TX_IRQHandler      0x08001715         Code  Wk  startup_stm32f10x_cl.o [1]
CAN_Configuration       0x080004d5  0x11c  Code  Gb  main.o [1]
CAN_DeInit              0x08000615   0x3c  Code  Gb  stm32f10x_can.o [1]
CAN_FIFORelease         0x080008af   0x12  Code  Gb  stm32f10x_can.o [1]
CAN_FilterInit          0x0800076d   0xf8  Code  Gb  stm32f10x_can.o [1]
CAN_ITConfig            0x08000899   0x16  Code  Gb  stm32f10x_can.o [1]
CAN_Init                0x08000651  0x11c  Code  Gb  stm32f10x_can.o [1]
CAN_Receive             0x080008c1   0xe2  Code  Gb  stm32f10x_can.o [1]
CAN_StructInit          0x08000865   0x2e  Code  Gb  stm32f10x_can.o [1]
CSTACK$$Base            0x20000000          --   Gb  - Linker created -
CSTACK$$Limit           0x20000400          --   Gb  - Linker created -
DMA1_Channel1_IRQHandler
                        0x08001661         Code  Wk  startup_stm32f10x_cl.o [1]
DMA1_Channel2_IRQHandler
                        0x08001665         Code  Wk  startup_stm32f10x_cl.o [1]
DMA1_Channel3_IRQHandler
                        0x08001669         Code  Wk  startup_stm32f10x_cl.o [1]
DMA1_Channel4_IRQHandler
                        0x0800166d         Code  Wk  startup_stm32f10x_cl.o [1]
DMA1_Channel5_IRQHandler
                        0x08001671         Code  Wk  startup_stm32f10x_cl.o [1]
DMA1_Channel6_IRQHandler
                        0x08001675         Code  Wk  startup_stm32f10x_cl.o [1]
DMA1_Channel7_IRQHandler
                        0x08001679         Code  Wk  startup_stm32f10x_cl.o [1]
DMA2_Channel1_IRQHandler
                        0x080016f9         Code  Wk  startup_stm32f10x_cl.o [1]
DMA2_Channel2_IRQHandler
                        0x080016fd         Code  Wk  startup_stm32f10x_cl.o [1]
DMA2_Channel3_IRQHandler
                        0x08001701         Code  Wk  startup_stm32f10x_cl.o [1]
DMA2_Channel4_IRQHandler
                        0x08001705         Code  Wk  startup_stm32f10x_cl.o [1]
DMA2_Channel5_IRQHandler
                        0x08001709         Code  Wk  startup_stm32f10x_cl.o [1]
DebugMon_Handler        0x080009b1    0x2  Code  Gb  stm32f10x_it.o [1]
Delay                   0x080005fd   0x14  Code  Gb  main.o [1]
ETH_IRQHandler          0x0800170d         Code  Wk  startup_stm32f10x_cl.o [1]
ETH_WKUP_IRQHandler     0x08001711         Code  Wk  startup_stm32f10x_cl.o [1]
EXTI0_IRQHandler        0x0800164d         Code  Wk  startup_stm32f10x_cl.o [1]
EXTI15_10_IRQHandler    0x080016d5         Code  Wk  startup_stm32f10x_cl.o [1]
EXTI1_IRQHandler        0x08001651         Code  Wk  startup_stm32f10x_cl.o [1]
EXTI2_IRQHandler        0x08001655         Code  Wk  startup_stm32f10x_cl.o [1]
EXTI3_IRQHandler        0x08001659         Code  Wk  startup_stm32f10x_cl.o [1]
EXTI4_IRQHandler        0x0800165d         Code  Wk  startup_stm32f10x_cl.o [1]
EXTI9_5_IRQHandler      0x08001691         Code  Wk  startup_stm32f10x_cl.o [1]
FLASH_IRQHandler        0x08001645         Code  Wk  startup_stm32f10x_cl.o [1]
GPIO_Configuration      0x08000215  0x12e  Code  Gb  main.o [1]
GPIO_Init               0x08001339  0x150  Code  Gb  stm32f10x_gpio.o [1]
HardFault_Handler       0x080009a7    0x2  Code  Gb  stm32f10x_it.o [1]
I2C1_ER_IRQHandler      0x080016b5         Code  Wk  startup_stm32f10x_cl.o [1]
I2C1_EV_IRQHandler      0x080016b1         Code  Wk  startup_stm32f10x_cl.o [1]
I2C2_ER_IRQHandler      0x080016bd         Code  Wk  startup_stm32f10x_cl.o [1]
I2C2_EV_IRQHandler      0x080016b9         Code  Wk  startup_stm32f10x_cl.o [1]
MemManage_Handler       0x080009a9    0x2  Code  Gb  stm32f10x_it.o [1]
NMI_Handler             0x080009a5    0x2  Code  Gb  stm32f10x_it.o [1]
NVIC_Configuration      0x0800037d   0xc0  Code  Gb  main.o [1]
NVIC_Init               0x08001499   0x7c  Code  Gb  misc.o [1]
NVIC_PriorityGroupConfig
                        0x08001489   0x10  Code  Gb  misc.o [1]
OTG_FS_IRQHandler       0x08001725         Code  Wk  startup_stm32f10x_cl.o [1]
OTG_FS_WKUP_IRQHandler  0x080016dd         Code  Wk  startup_stm32f10x_cl.o [1]
PVD_IRQHandler          0x08001639         Code  Wk  startup_stm32f10x_cl.o [1]
PendSV_Handler          0x080009b3    0x2  Code  Gb  stm32f10x_it.o [1]
RCC_APB1PeriphClockCmd  0x08000e31   0x24  Code  Gb  stm32f10x_rcc.o [1]
RCC_APB1PeriphResetCmd  0x08000e79   0x24  Code  Gb  stm32f10x_rcc.o [1]
RCC_APB2PeriphClockCmd  0x08000e0d   0x24  Code  Gb  stm32f10x_rcc.o [1]
RCC_APB2PeriphResetCmd  0x08000e55   0x24  Code  Gb  stm32f10x_rcc.o [1]
RCC_Configuration       0x080001f5   0x20  Code  Gb  main.o [1]
RCC_GetClocksFreq       0x08000c29  0x1dc  Code  Gb  stm32f10x_rcc.o [1]
RCC_IRQHandler          0x08001649         Code  Wk  startup_stm32f10x_cl.o [1]
RTCAlarm_IRQHandler     0x080016d9         Code  Wk  startup_stm32f10x_cl.o [1]
RTC_IRQHandler          0x08001641         Code  Wk  startup_stm32f10x_cl.o [1]
Region$$Table$$Base     0x0800153c          --   Gb  - Linker created -
Region$$Table$$Limit    0x08001560          --   Gb  - Linker created -
RxBuffer1               0x20000400   0x10  Data  Gb  main.o [1]
RxCounter1              0x20000456    0x1  Data  Gb  main.o [1]
SPI1_IRQHandler         0x080016c1         Code  Wk  startup_stm32f10x_cl.o [1]
SPI2_IRQHandler         0x080016c5         Code  Wk  startup_stm32f10x_cl.o [1]
SPI3_IRQHandler         0x080016e5         Code  Wk  startup_stm32f10x_cl.o [1]
SVC_Handler             0x080009af    0x2  Code  Gb  stm32f10x_it.o [1]
SetSysClock             0x08000f09    0x8  Code  Lc  system_stm32f10x.o [1]
SetSysClockTo72         0x08000f11  0x11c  Code  Lc  system_stm32f10x.o [1]
SysTick_Handler         0x080009b5    0x2  Code  Gb  stm32f10x_it.o [1]
SystemInit              0x08000e9d   0x6c  Code  Gb  system_stm32f10x.o [1]
TAMPER_IRQHandler       0x0800163d         Code  Wk  startup_stm32f10x_cl.o [1]
TIM1_BRK_IRQHandler     0x08001695         Code  Wk  startup_stm32f10x_cl.o [1]
TIM1_CC_IRQHandler      0x080016a1         Code  Wk  startup_stm32f10x_cl.o [1]
TIM1_TRG_COM_IRQHandler
                        0x0800169d         Code  Wk  startup_stm32f10x_cl.o [1]
TIM1_UP_IRQHandler      0x08001699         Code  Wk  startup_stm32f10x_cl.o [1]
TIM2_IRQHandler         0x08000b85    0x2  Code  Gb  stm32f10x_it.o [1]
TIM3_Configuration      0x08000485   0x4c  Code  Gb  main.o [1]
TIM3_IRQHandler         0x08000b89   0x28  Code  Gb  stm32f10x_it.o [1]
TIM3_TimeBaseStructure  0x20000420    0xc  Data  Gb  main.o [1]
TIM4_Configuration      0x0800043d   0x48  Code  Gb  main.o [1]
TIM4_IRQHandler         0x08000bb1   0x28  Code  Gb  stm32f10x_it.o [1]
TIM4_TimeBaseStructure  0x2000042c    0xc  Data  Gb  main.o [1]
TIM5_IRQHandler         0x080016e1         Code  Wk  startup_stm32f10x_cl.o [1]
TIM6_IRQHandler         0x080016f1         Code  Wk  startup_stm32f10x_cl.o [1]
TIM7_IRQHandler         0x080016f5         Code  Wk  startup_stm32f10x_cl.o [1]
TIM_ClearITPendingBit   0x080011c3    0x8  Code  Gb  stm32f10x_tim.o [1]
TIM_Cmd                 0x08001159   0x1c  Code  Gb  stm32f10x_tim.o [1]
TIM_DeInit              0x08001039   0xe0  Code  Gb  stm32f10x_tim.o [1]
TIM_GetITStatus         0x0800118b   0x38  Code  Gb  stm32f10x_tim.o [1]
TIM_ITConfig            0x08001175   0x16  Code  Gb  stm32f10x_tim.o [1]
TIM_TimeBaseInit        0x08001119   0x36  Code  Gb  stm32f10x_tim.o [1]
TxBuffer1               0x20000438    0x8  Data  Gb  main.o [1]
UART4_IRQHandler        0x08000bf5   0x2a  Code  Gb  stm32f10x_it.o [1]
UART5_IRQHandler        0x080016ed         Code  Wk  startup_stm32f10x_cl.o [1]
USART1_IRQHandler       0x080009b7   0x3a  Code  Gb  stm32f10x_it.o [1]
USART2_IRQHandler       0x080009f1   0x28  Code  Gb  stm32f10x_it.o [1]
USART3_IRQHandler       0x08000ae5   0xa0  Code  Gb  stm32f10x_it.o [1]
USART_ClearFlag         0x0800132d    0xc  Code  Gb  stm32f10x_usart.o [1]
USART_Cmd               0x08001281   0x1c  Code  Gb  stm32f10x_usart.o [1]
USART_Config            0x08000345   0x38  Code  Gb  main.o [1]
USART_GetFlagStatus     0x0800130b   0x22  Code  Gb  stm32f10x_usart.o [1]
USART_ITConfig          0x0800129d   0x5e  Code  Gb  stm32f10x_usart.o [1]
USART_Init              0x080011cd   0xb0  Code  Gb  stm32f10x_usart.o [1]
USART_InitStructure     0x20000410   0x10  Data  Gb  main.o [1]
USART_ReceiveData       0x08001303    0x8  Code  Gb  stm32f10x_usart.o [1]
USART_SendData          0x080012fb    0x8  Code  Gb  stm32f10x_usart.o [1]
UsageFault_Handler      0x080009ad    0x2  Code  Gb  stm32f10x_it.o [1]
WWDG_IRQHandler         0x08001635         Code  Wk  startup_stm32f10x_cl.o [1]
__aeabi_ui2f            0x08001581         Code  Gb  I32ToFlt.o [4]
__exit                  0x080015ed   0x14  Code  Gb  exit.o [5]
__iar_copy_init2        0x08001519   0x24  Code  Gb  copy_init2.o [4]
__iar_data_init2        0x08001561   0x20  Code  Gb  data_init2.o [4]
__iar_program_start     0x080015d5         Code  Gb  cmain.o [4]
__iar_sh_stdout_close   0x0800159d   0x16  Code  Gb  iarwstd.o [5]
__iar_sh_stdout_handle  0x20000450    0x4  Data  Lc  iarwstd.o [5]
__iar_ui2f              0x08001583         Code  Gb  I32ToFlt.o [4]
__iar_zero_init2        0x080015b9   0x1a  Code  Gb  zero_init2.o [4]
__low_level_init        0x08001729    0x4  Code  Gb  low_level_init.o [3]
__vector_table          0x08000000         Data  Gb  startup_stm32f10x_cl.o [1]
_exit                   0x08001601         Code  Gb  cexit.o [4]
_main                   0x080015e7         Code  Gb  cmain.o [4]
aa                      0x20000454    0x2  Data  Gb  stm32f10x_it.o [1]
distance_vaild_flag     0x2000044c    0x4  Data  Gb  main.o [1]
exit                    0x0800160b    0x6  Code  Gb  exit.o [3]
main                    0x08000151   0xa4  Code  Gb  main.o [1]
rec_f                   0x20000457    0x1  Data  Gb  main.o [1]
send_wireless_flag      0x20000448    0x4  Data  Gb  main.o [1]
y_bias                  0x20000444    0x4  Data  Gb  main.o [1]
y_dir                   0x20000440    0x4  Data  Gb  main.o [1]


[1] = F:\baoyujian\Wireless_data_Send\LED_DRIVER_STM32F107\Project\Template\EWARMv5\STM3210C-EVAL\Obj
[2] = command line
[3] = dl7M_tl_in.a
[4] = rt7M_tl.a
[5] = shb_l.a

  5 896 bytes of readonly  code memory
     56 bytes of readonly  data memory
  1 132 bytes of readwrite data memory

Errors: none
Warnings: none
